Component: ARM Compiler 5.06 update 7 (build 960) Tool: armlink [4d3601]

==============================================================================

Section Cross References

    startup_stm32f030x8.o(STACK) refers (Special) to heapauxi.o(.text) for __use_two_region_memory
    startup_stm32f030x8.o(HEAP) refers (Special) to heapauxi.o(.text) for __use_two_region_memory
    startup_stm32f030x8.o(RESET) refers (Special) to heapauxi.o(.text) for __use_two_region_memory
    startup_stm32f030x8.o(RESET) refers to startup_stm32f030x8.o(STACK) for __initial_sp
    startup_stm32f030x8.o(RESET) refers to startup_stm32f030x8.o(.text) for Reset_Handler
    startup_stm32f030x8.o(RESET) refers to stm32f0xx_it.o(i.NMI_Handler) for NMI_Handler
    startup_stm32f030x8.o(RESET) refers to stm32f0xx_it.o(i.HardFault_Handler) for HardFault_Handler
    startup_stm32f030x8.o(RESET) refers to stm32f0xx_it.o(i.SVC_Handler) for SVC_Handler
    startup_stm32f030x8.o(RESET) refers to stm32f0xx_it.o(i.PendSV_Handler) for PendSV_Handler
    startup_stm32f030x8.o(RESET) refers to stm32f0xx_it.o(i.SysTick_Handler) for SysTick_Handler
    startup_stm32f030x8.o(RESET) refers to stm32f0xx_it.o(i.TIM3_IRQHandler) for TIM3_IRQHandler
    startup_stm32f030x8.o(RESET) refers to stm32f0xx_it.o(i.USART1_IRQHandler) for USART1_IRQHandler
    startup_stm32f030x8.o(RESET) refers to stm32f0xx_it.o(i.USART2_IRQHandler) for USART2_IRQHandler
    startup_stm32f030x8.o(.text) refers (Special) to heapauxi.o(.text) for __use_two_region_memory
    startup_stm32f030x8.o(.text) refers to system_stm32f0xx.o(i.SystemInit) for SystemInit
    startup_stm32f030x8.o(.text) refers to __main.o(!!!main) for __main
    startup_stm32f030x8.o(.text) refers to startup_stm32f030x8.o(HEAP) for Heap_Mem
    startup_stm32f030x8.o(.text) refers to startup_stm32f030x8.o(STACK) for Stack_Mem
    main.o(i.SystemClock_Config) refers to rt_memclr.o(.text) for __aeabi_memclr4
    main.o(i.SystemClock_Config) refers to stm32f0xx_hal_rcc.o(i.HAL_RCC_OscConfig) for HAL_RCC_OscConfig
    main.o(i.SystemClock_Config) refers to stm32f0xx_hal_rcc.o(i.HAL_RCC_ClockConfig) for HAL_RCC_ClockConfig
    main.o(i.SystemClock_Config) refers to stm32f0xx_hal_rcc_ex.o(i.HAL_RCCEx_PeriphCLKConfig) for HAL_RCCEx_PeriphCLKConfig
    main.o(i.main) refers to stm32f0xx_hal.o(i.HAL_Init) for HAL_Init
    main.o(i.main) refers to main.o(i.SystemClock_Config) for SystemClock_Config
    main.o(i.main) refers to gpio.o(i.MX_GPIO_Init) for MX_GPIO_Init
    main.o(i.main) refers to usart.o(i.MX_USART1_UART_Init) for MX_USART1_UART_Init
    main.o(i.main) refers to usart.o(i.MX_USART2_UART_Init) for MX_USART2_UART_Init
    main.o(i.main) refers to tim.o(i.MX_TIM3_Init) for MX_TIM3_Init
    main.o(i.main) refers to delay.o(i.Delay_Init) for Delay_Init
    main.o(i.main) refers to stm32f0xx_hal.o(i.HAL_Delay) for HAL_Delay
    main.o(i.main) refers to dac8830.o(i.DAC8830_Init) for DAC8830_Init
    main.o(i.main) refers to ch423.o(i.CH423_Init) for CH423_Init
    main.o(i.main) refers to ch423.o(i.CH423_Write) for CH423_Write
    main.o(i.main) refers to ch423.o(i.CH423_WriteOC) for CH423_WriteOC
    main.o(i.main) refers to delay.o(i.Delay_ms) for Delay_ms
    main.o(i.main) refers to ch423.o(i.CH423_WriteAll) for CH423_WriteAll
    main.o(i.main) refers to ch4230.o(i.CH4230_Init) for CH4230_Init
    main.o(i.main) refers to ch4230.o(i.CH4230_Write) for CH4230_Write
    main.o(i.main) refers to ch4230.o(i.CH4230_WriteAll) for CH4230_WriteAll
    main.o(i.main) refers to stm32f0xx_hal_gpio.o(i.HAL_GPIO_WritePin) for HAL_GPIO_WritePin
    main.o(i.main) refers to main.o(i.uspp) for uspp
    main.o(i.main) refers to main.o(i.__ARM_common_switch8) for __ARM_common_switch8
    main.o(i.main) refers to mc.o(i.DDS_Con) for DDS_Con
    main.o(i.main) refers to mc.o(i.PLL_Con) for PLL_Con
    main.o(i.main) refers to mc.o(i.yk_Con) for yk_Con
    main.o(i.main) refers to mc.o(i.AMT_Con) for AMT_Con
    main.o(i.main) refers to mc.o(i.AMJ_Con) for AMJ_Con
    main.o(i.main) refers to mc.o(i.FMT_Con) for FMT_Con
    main.o(i.main) refers to mc.o(i.FMJ_Con) for FMJ_Con
    main.o(i.main) refers to mc.o(i.tun_amp_Con) for tun_amp_Con
    main.o(i.main) refers to mc.o(i.OSC_Con) for OSC_Con
    main.o(i.main) refers to mc.o(i.POW_AMP_Con) for POW_AMP_Con
    main.o(i.main) refers to mc.o(i.lv10_7M) for lv10_7M
    main.o(i.main) refers to stm32f0xx_it.o(.data) for USART_RX_STA2
    main.o(i.main) refers to stm32f0xx_it.o(.data) for USART_RX_STA
    main.o(i.main) refers to stm32f0xx_it.o(.bss) for USART_RX_BUF2
    main.o(i.uspp) refers to strlen.o(.text) for strlen
    main.o(i.uspp) refers to stm32f0xx_hal_uart.o(i.HAL_UART_Transmit) for HAL_UART_Transmit
    main.o(i.uspp) refers to usart.o(.bss) for huart2
    gpio.o(i.MX_GPIO_Init) refers to rt_memclr.o(.text) for __aeabi_memclr4
    gpio.o(i.MX_GPIO_Init) refers to stm32f0xx_hal_gpio.o(i.HAL_GPIO_WritePin) for HAL_GPIO_WritePin
[...]
    i.UART_RxISR_16BIT                       0x08005a52   Section        0  stm32f0xx_hal_uart.o(i.UART_RxISR_16BIT)
    UART_RxISR_16BIT                         0x08005a53   Thumb Code   168  stm32f0xx_hal_uart.o(i.UART_RxISR_16BIT)
    i.UART_RxISR_8BIT                        0x08005afa   Section        0  stm32f0xx_hal_uart.o(i.UART_RxISR_8BIT)
    UART_RxISR_8BIT                          0x08005afb   Thumb Code   168  stm32f0xx_hal_uart.o(i.UART_RxISR_8BIT)
    i.UART_SetConfig                         0x08005ba4   Section        0  stm32f0xx_hal_uart.o(i.UART_SetConfig)
    i.UART_Start_Receive_IT                  0x08005cd8   Section        0  stm32f0xx_hal_uart.o(i.UART_Start_Receive_IT)
    i.UART_WaitOnFlagUntilTimeout            0x08005d74   Section        0  stm32f0xx_hal_uart.o(i.UART_WaitOnFlagUntilTimeout)
    i.USART1_IRQHandler                      0x08005e48   Section        0  stm32f0xx_it.o(i.USART1_IRQHandler)
    i.USART2_IRQHandler                      0x08005e74   Section        0  stm32f0xx_it.o(i.USART2_IRQHandler)
    i.__ARM_common_ll_muluu                  0x08005ea0   Section        0  stm32f0xx_hal_rcc.o(i.__ARM_common_ll_muluu)
    i.__ARM_common_switch8                   0x08005ed0   Section        0  main.o(i.__ARM_common_switch8)
    i.__ARM_fpclassify                       0x08005eec   Section        0  fpclassify.o(i.__ARM_fpclassify)
    i.__NVIC_SetPriority                     0x08005f18   Section        0  stm32f0xx_hal_cortex.o(i.__NVIC_SetPriority)
    __NVIC_SetPriority                       0x08005f19   Thumb Code    60  stm32f0xx_hal_cortex.o(i.__NVIC_SetPriority)
    i.__kernel_poly                          0x08005f5c   Section        0  poly.o(i.__kernel_poly)
    i.__mathlib_dbl_divzero                  0x08006008   Section        0  dunder.o(i.__mathlib_dbl_divzero)
    i.__mathlib_dbl_infnan2                  0x0800601c   Section        0  dunder.o(i.__mathlib_dbl_infnan2)
    i.__mathlib_dbl_invalid                  0x08006024   Section        0  dunder.o(i.__mathlib_dbl_invalid)
    i.__mathlib_dbl_overflow                 0x08006034   Section        0  dunder.o(i.__mathlib_dbl_overflow)
    i.__mathlib_dbl_underflow                0x08006048   Section        0  dunder.o(i.__mathlib_dbl_underflow)
    i.__mathlib_narrow                       0x0800605c   Section        0  narrow.o(i.__mathlib_narrow)
    i.__mathlib_tofloat                      0x0800606c   Section        0  narrow.o(i.__mathlib_tofloat)
    i.__support_ldexp                        0x08006134   Section        0  ldexp.o(i.__support_ldexp)
    i._is_digit                              0x08006148   Section        0  __printf_wp.o(i._is_digit)
    i.ad9833_init                            0x08006158   Section        0  ad9833.o(i.ad9833_init)
    i.adf4002_Init                           0x080061c8   Section        0  adf4002.o(i.adf4002_Init)
    i.atof                                   0x0800623c   Section        0  atof.o(i.atof)
    i.delay_s_us                             0x08006266   Section        0  dac8830.o(i.delay_s_us)
    i.delay_us                               0x08006274   Section        0  ch4230.o(i.delay_us)
    i.frexp                                  0x0800628c   Section        0  frexp.o(i.frexp)
    i.ldexp                                  0x080062e4   Section        0  ldexp.o(i.ldexp)
    i.lv10_7M                                0x08006354   Section        0  mc.o(i.lv10_7M)
    i.main                                   0x0800647c   Section        0  main.o(i.main)
    i.pow                                    0x08006628   Section        0  pow.o(i.pow)
    i.sqrt                                   0x08007024   Section        0  sqrt.o(i.sqrt)
    i.tun_amp_Con                            0x0800706c   Section        0  mc.o(i.tun_amp_Con)
    i.uspp                                   0x080071f8   Section        0  main.o(i.uspp)
    i.yk_Con                                 0x08007230   Section        0  mc.o(i.yk_Con)
    locale$$code                             0x080073a0   Section       44  lc_numeric_c.o(locale$$code)
    locale$$code                             0x080073cc   Section       44  lc_ctype_c.o(locale$$code)
    x$fpl$deqf                               0x080073f8   Section      100  deqf.o(x$fpl$deqf)
    x$fpl$drleqf                             0x0800745c   Section      104  drlef.o(x$fpl$drleqf)
    x$fpl$fmul                               0x080074c4   Section      176  fmul.o(x$fpl$fmul)
    x$fpl$scanf1                             0x08007574   Section       16  scanf1.o(x$fpl$scanf1)
    x$fpl$scanf2                             0x08007584   Section       32  scanf2.o(x$fpl$scanf2)
    .constdata                               0x080075a4   Section       16  system_stm32f0xx.o(.constdata)
    x$fpl$usenofp                            0x080075a4   Section        0  usenofp.o(x$fpl$usenofp)
    .constdata                               0x080075b4   Section        8  system_stm32f0xx.o(.constdata)
    .constdata                               0x080075bc   Section        5  ad9833.o(.constdata)
    .constdata                               0x080075c1   Section      128  ddiv.o(.constdata)
    ddiv_reciptbl                            0x080075c1   Data         128  ddiv.o(.constdata)
    .constdata                               0x08007648   Section      136  pow.o(.constdata)
    bp                                       0x08007648   Data          16  pow.o(.constdata)
    dp_h                                     0x08007658   Data          16  pow.o(.constdata)
    dp_l                                     0x08007668   Data          16  pow.o(.constdata)
    L                                        0x08007678   Data          48  pow.o(.constdata)
    P                                        0x080076a8   Data          40  pow.o(.constdata)
    .constdata                               0x080076d0   Section        8  qnan.o(.constdata)
    .constdata                               0x080076d8   Section      148  bigflt0.o(.constdata)
    tenpwrs_x                                0x080076d8   Data          60  bigflt0.o(.constdata)
    tenpwrs_i                                0x08007714   Data          64  bigflt0.o(.constdata)
    c$$dinf                                  0x0800778c   Section        8  fpconst.o(c$$dinf)
    c$$dmax                                  0x08007794   Section        8  fpconst.o(c$$dmax)
    locale$$data                             0x0800779c   Section       28  lc_numeric_c.o(locale$$data)
    __lcnum_c_name                           0x080077a0   Data           2  lc_numeric_c.o(locale$$data)
    __lcnum_c_start                          0x080077a8   Data           0  lc_numeric_c.o(locale$$data)
    __lcnum_c_point                          0x080077b4   Data           0  lc_numeric_c.o(locale$$data)
    __lcnum_c_thousands                      0x080077b6   Data           0  lc_numeric_c.o(locale$$data)
    __lcnum_c_grouping                       0x080077b7   Data           0  lc_numeric_c.o(locale$$data)
    locale$$data                             0x080077b8   Section      272  lc_ctype_c.o(locale$$data)
    __lcnum_c_end                            0x080077b8   Data           0  lc_numeric_c.o(locale$$data)
    __lcctype_c_name                         0x080077bc   Data           2  lc_ctype_c.o(locale$$data)
    __lcctype_c_start                        0x080077c4   Data           0  lc_ctype_c.o(locale$$data)
    __lcctype_c_end                          0x080078c8   Data           0  lc_ctype_c.o(locale$$data)
    .data                                    0x20000000   Section        2  usart.o(.data)
    .data                                    0x20000002   Section        2  stm32f0xx_it.o(.data)
    .data                                    0x20000004   Section        2  stm32f0xx_it.o(.data)
    .data                                    0x20000008   Section       12  stm32f0xx_hal.o(.data)
    .data                                    0x20000014   Section        4  system_stm32f0xx.o(.data)
    .data                                    0x20000018   Section        8  ad9833.o(.data)
    .data                                    0x20000020   Section       16  adf4002.o(.data)
    .data                                    0x20000030   Section        4  ch423.o(.data)
    .data                                    0x20000034   Section        2  delay.o(.data)
    sysClkFreq                               0x20000034   Data           2  delay.o(.data)
    .data                                    0x20000036   Section        4  ch4230.o(.data)
    .data                                    0x20000040   Section       64  mc.o(.data)
    .bss                                     0x20000080   Section       72  tim.o(.bss)
    .bss                                     0x200000c8   Section      264  usart.o(.bss)
    .bss                                     0x200001d0   Section      200  stm32f0xx_it.o(.bss)
    .bss                                     0x20000298   Section      200  stm32f0xx_it.o(.bss)
    .bss                                     0x20000360   Section       20  ch423.o(.bss)
    .bss                                     0x20000374   Section      400  mc.o(.bss)
    .bss                                     0x20000504   Section       96  libspace.o(.bss)
    HEAP                                     0x20000568   Section      512  startup_stm32f030x8.o(HEAP)
    Heap_Mem                                 0x20000568   Data         512  startup_stm32f030x8.o(HEAP)
    STACK                                    0x20000768   Section     1024  startup_stm32f030x8.o(STACK)
    Stack_Mem                                0x20000768   Data        1024  startup_stm32f030x8.o(STACK)
    __initial_sp                             0x20000b68   Data           0  startup_stm32f030x8.o(STACK)

    Global Symbols

    Symbol Name                              Value     Ov Type        Size  Object(Section)

    BuildAttributes$$THM_ISAv3M$S$PE$A:L22$X:L11$S22$IEEE1$IW$USESV6$~STKCKD$USESV7$~SHL$OTIME$ROPI$IEEEX$EBA8$UX$STANDARDLIB$REQ8$PRES8$EABIv2 0x00000000   Number         0  anon$$obj.o ABSOLUTE
    __ARM_use_no_argv                        0x00000000   Number         0  main.o ABSOLUTE
    __ARM_exceptions_init                     - Undefined Weak Reference
    __alloca_initialize                       - Undefined Weak Reference
    __arm_fini_                               - Undefined Weak Reference
    __arm_preinit_                            - Undefined Weak Reference
    __cpp_initialize__aeabi_                  - Undefined Weak Reference
    __cxa_finalize                            - Undefined Weak Reference
    __sigvec_lookup                           - Undefined Weak Reference
    _atexit_init                              - Undefined Weak Reference
    _call_atexit_fns                          - Undefined Weak Reference
    _clock_init                               - Undefined Weak Reference
    _fp_trap_init                             - Undefined Weak Reference
    _fp_trap_shutdown                         - Undefined Weak Reference
    _get_lc_collate                           - Undefined Weak Reference
    _get_lc_monetary                          - Undefined Weak Reference
    _get_lc_time                              - Undefined Weak Reference
    _getenv_init                              - Undefined Weak Reference
    _handle_redirection                       - Undefined Weak Reference
    _init_alloc                               - Undefined Weak Reference
    _init_user_alloc                          - Undefined Weak Reference
    _initio                                   - Undefined Weak Reference
    _printf_post_padding                      - Undefined Weak Reference
    _printf_pre_padding                       - Undefined Weak Reference
    _printf_truncate_signed                   - Undefined Weak Reference
    _printf_truncate_unsigned                 - Undefined Weak Reference
    _rand_init                                - Undefined Weak Reference
    _signal_finish                            - Undefined Weak Reference
    _signal_init                              - Undefined Weak Reference
    _terminate_alloc                          - Undefined Weak Reference
    _terminate_user_alloc                     - Undefined Weak Reference
    _terminateio                              - Undefined Weak Reference
    __Vectors_Size                           0x000000b4   Number         0  startup_stm32f030x8.o ABSOLUTE
    __Vectors                                0x08000000   Data           4  startup_stm32f030x8.o(RESET)
    __Vectors_End                            0x080000b4   Data           0  startup_stm32f030x8.o(RESET)
    __main                                   0x080000b5   Thumb Code     8  __main.o(!!!main)
    __scatterload                            0x080000bd   Thumb Code     0  __scatter.o(!!!scatter)
    __scatterload_rt2                        0x080000bd   Thumb Code    52  __scatter.o(!!!scatter)
    __scatterload_rt2_thumb_only             0x080000bd   Thumb Code     0  __scatter.o(!!!scatter)
    __scatterload_null                       0x080000cd   Thumb Code     0  __scatter.o(!!!scatter)
    __scatterload_copy                       0x080000f9   Thumb Code    26  __scatter_copy.o(!!handler_copy)
    __scatterload_zeroinit                   0x08000115   Thumb Code    28  __scatter_zi.o(!!handler_zi)
    _printf_percent                          0x08000131   Thumb Code     0  _printf_percent.o(.ARM.Collect$$_printf_percent$$00000000)
    _printf_d                                0x08000133   Thumb Code     0  _printf_d.o(.ARM.Collect$$_printf_percent$$00000009)
    _printf_percent_end                      0x0800013d   Thumb Code     0  _printf_percent_end.o(.ARM.Collect$$_printf_percent$$00000017)
    __rt_lib_init                            0x08000141   Thumb Code     0  libinit.o(.ARM.Collect$$libinit$$00000000)
    __rt_lib_init_fp_1                       0x08000143   Thumb Code     0  libinit2.o(.ARM.Collect$$libinit$$00000002)
    __rt_lib_init_heap_1                     0x08000143   Thumb Code     0  libinit2.o(.ARM.Collect$$libinit$$0000000A)
    __rt_lib_init_lc_common                  0x08000143   Thumb Code     0  libinit2.o(.ARM.Collect$$libinit$$0000000F)
    __rt_lib_init_preinit_1                  0x08000143   Thumb Code     0  libinit2.o(.ARM.Collect$$libinit$$00000004)
    __rt_lib_init_rand_1                     0x08000143   Thumb Code     0  libinit2.o(.ARM.Collect$$libinit$$0000000E)
    __rt_lib_init_user_alloc_1               0x08000143   Thumb Code     0  libinit2.o(.ARM.Collect$$libinit$$0000000C)
    __rt_lib_init_lc_collate_1               0x08000149   Thumb Code     0  libinit2.o(.ARM.Collect$$libinit$$00000011)
    __rt_lib_init_lc_ctype_2                 0x08000149   Thumb Code     0  libinit2.o(.ARM.Collect$$libinit$$00000012)
    __rt_lib_init_lc_ctype_1                 0x08000155   Thumb Code     0  libinit2.o(.ARM.Collect$$libinit$$00000013)
    __rt_lib_init_lc_monetary_1              0x08000155   Thumb Code     0  libinit2.o(.ARM.Collect$$libinit$$00000015)
    __rt_lib_init_lc_numeric_2               0x08000155   Thumb Code     0  libinit2.o(.ARM.Collect$$libinit$$00000016)
    __rt_lib_init_alloca_1                   0x0800015f   Thumb Code     0  libinit2.o(.ARM.Collect$$libinit$$0000002E)
    __rt_lib_init_argv_1                     0x0800015f   Thumb Code     0  libinit2.o(.ARM.Collect$$libinit$$0000002C)
    __rt_lib_init_atexit_1                   0x0800015f   Thumb Code     0  libinit2.o(.ARM.Collect$$libinit$$0000001B)
    __rt_lib_init_clock_1                    0x0800015f   Thumb Code     0  libinit2.o(.ARM.Collect$$libinit$$00000021)
    __rt_lib_init_cpp_1                      0x0800015f   Thumb Code     0  libinit2.o(.ARM.Collect$$libinit$$00000032)
    __rt_lib_init_exceptions_1               0x0800015f   Thumb Code     0  libinit2.o(.ARM.Collect$$libinit$$00000030)
    __rt_lib_init_fp_trap_1                  0x0800015f   Thumb Code     0  libinit2.o(.ARM.Collect$$libinit$$0000001F)
    __rt_lib_init_getenv_1                   0x0800015f   Thumb Code     0  libinit2.o(.ARM.Collect$$libinit$$00000023)
    __rt_lib_init_lc_numeric_1               0x0800015f   Thumb Code     0  libinit2.o(.ARM.Collect$$libinit$$00000017)
    __rt_lib_init_lc_time_1                  0x0800015f   Thumb Code     0  libinit2.o(.ARM.Collect$$libinit$$00000019)
    __rt_lib_init_return                     0x0800015f   Thumb Code     0  libinit2.o(.ARM.Collect$$libinit$$00000033)
    __rt_lib_init_signal_1                   0x0800015f   Thumb Code     0  libinit2.o(.ARM.Collect$$libinit$$0000001D)
    __rt_lib_init_stdio_1                    0x0800015f   Thumb Code     0  libinit2.o(.ARM.Collect$$libinit$$00000025)
    __rt_lib_shutdown                        0x08000161   Thumb Code     0  libshutdown.o(.ARM.Collect$$libshutdown$$00000000)
    __rt_lib_shutdown_cpp_1                  0x08000163   Thumb Code     0  libshutdown2.o(.ARM.Collect$$libshutdown$$00000004)
    __rt_lib_shutdown_fini_1                 0x08000163   Thumb Code     0  libshutdown2.o(.ARM.Collect$$libshutdown$$00000002)
    __rt_lib_shutdown_fp_trap_1              0x08000163   Thumb Code     0  libshutdown2.o(.ARM.Collect$$libshutdown$$00000009)
    __rt_lib_shutdown_heap_1                 0x08000163   Thumb Code     0  libshutdown2.o(.ARM.Collect$$libshutdown$$00000011)
    __rt_lib_shutdown_return                 0x08000163   Thumb Code     0  libshutdown2.o(.ARM.Collect$$libshutdown$$00000012)
    __rt_lib_shutdown_signal_1               0x08000163   Thumb Code     0  libshutdown2.o(.ARM.Collect$$libshutdown$$0000000C)
    __rt_lib_shutdown_stdio_1                0x08000163   Thumb Code     0  libshutdown2.o(.ARM.Collect$$libshutdown$$00000006)
    __rt_lib_shutdown_user_alloc_1           0x08000163   Thumb Code     0  libshutdown2.o(.ARM.Collect$$libshutdown$$0000000E)
    __rt_entry                               0x08000165   Thumb Code     0  __rtentry.o(.ARM.Collect$$rtentry$$00000000)
    __rt_entry_presh_1                       0x08000165   Thumb Code     0  __rtentry2.o(.ARM.Collect$$rtentry$$00000002)
    __rt_entry_sh                            0x08000165   Thumb Code     0  __rtentry4.o(.ARM.Collect$$rtentry$$00000004)
    __rt_entry_li                            0x0800016b   Thumb Code     0  __rtentry2.o(.ARM.Collect$$rtentry$$0000000A)
    __rt_entry_postsh_1                      0x0800016b   Thumb Code     0  __rtentry2.o(.ARM.Collect$$rtentry$$00000009)
    __rt_entry_main                          0x0800016f   Thumb Code     0  __rtentry2.o(.ARM.Collect$$rtentry$$0000000D)
    __rt_entry_postli_1                      0x0800016f   Thumb Code     0  __rtentry2.o(.ARM.Collect$$rtentry$$0000000C)
    __rt_exit                                0x08000177   Thumb Code     0  rtexit.o(.ARM.Collect$$rtexit$$00000000)
    __rt_exit_ls                             0x08000179   Thumb Code     0  rtexit2.o(.ARM.Collect$$rtexit$$00000003)
    __rt_exit_prels_1                        0x08000179   Thumb Code     0  rtexit2.o(.ARM.Collect$$rtexit$$00000002)
    __rt_exit_exit                           0x0800017d   Thumb Code     0  rtexit2.o(.ARM.Collect$$rtexit$$00000004)
    Reset_Handler                            0x08000185   Thumb Code     8  startup_stm32f030x8.o(.text)
    ADC1_IRQHandler                          0x08000197   Thumb Code     0  startup_stm32f030x8.o(.text)
    DMA1_Channel1_IRQHandler                 0x08000197   Thumb Code     0  startup_stm32f030x8.o(.text)
    DMA1_Channel2_3_IRQHandler               0x08000197   Thumb Code     0  startup_stm32f030x8.o(.text)
    DMA1_Channel4_5_IRQHandler               0x08000197   Thumb Code     0  startup_stm32f030x8.o(.text)
    EXTI0_1_IRQHandler                       0x08000197   Thumb Code     0  startup_stm32f030x8.o(.text)
    EXTI2_3_IRQHandler                       0x08000197   Thumb Code     0  startup_stm32f030x8.o(.text)
    EXTI4_15_IRQHandler                      0x08000197   Thumb Code     0  startup_stm32f030x8.o(.text)
    FLASH_IRQHandler                         0x08000197   Thumb Code     0  startup_stm32f030x8.o(.text)
    I2C1_IRQHandler                          0x08000197   Thumb Code     0  startup_stm32f030x8.o(.text)
    I2C2_IRQHandler                          0x08000197   Thumb Code     0  startup_stm32f030x8.o(.text)
    RCC_IRQHandler                           0x08000197   Thumb Code     0  startup_stm32f030x8.o(.text)
    RTC_IRQHandler                           0x08000197   Thumb Code     0  startup_stm32f030x8.o(.text)
    SPI1_IRQHandler                          0x08000197   Thumb Code     0  startup_stm32f030x8.o(.text)
    SPI2_IRQHandler                          0x08000197   Thumb Code     0  startup_stm32f030x8.o(.text)
    TIM14_IRQHandler                         0x08000197   Thumb Code     0  startup_stm32f030x8.o(.text)
    TIM15_IRQHandler                         0x08000197   Thumb Code     0  startup_stm32f030x8.o(.text)
    TIM16_IRQHandler                         0x08000197   Thumb Code     0  startup_stm32f030x8.o(.text)
    TIM17_IRQHandler                         0x08000197   Thumb Code     0  startup_stm32f030x8.o(.text)
    TIM1_BRK_UP_TRG_COM_IRQHandler           0x08000197   Thumb Code     0  startup_stm32f030x8.o(.text)
    TIM1_CC_IRQHandler                       0x08000197   Thumb Code     0  startup_stm32f030x8.o(.text)
    TIM6_IRQHandler                          0x08000197   Thumb Code     0  startup_stm32f030x8.o(.text)
    WWDG_IRQHandler                          0x08000197   Thumb Code     0  startup_stm32f030x8.o(.text)
    __user_initial_stackheap                 0x08000199   Thumb Code     0  startup_stm32f030x8.o(.text)
    __aeabi_lmul                             0x080001bd   Thumb Code    48  llmul.o(.text)
    _ll_mul                                  0x080001bd   Thumb Code     0  llmul.o(.text)
    __aeabi_uldivmod                         0x080001ed   Thumb Code   258  lludiv.o(.text)
    _ll_udiv                                 0x080001ed   Thumb Code     0  lludiv.o(.text)
    __2sprintf                               0x080002f1   Thumb Code    36  noretval__2sprintf.o(.text)
    __printf                                 0x08000319   Thumb Code   108  __printf.o(.text)
    _printf_int_dec                          0x08000385   Thumb Code    90  _printf_dec.o(.text)
    strlen                                   0x080003f1   Thumb Code    62  strlen.o(.text)
    _memset_w                                0x08000435   Thumb Code    26  rt_memclr.o(.text)
    _memset                                  0x0800044f   Thumb Code    30  rt_memclr.o(.text)
    __aeabi_memclr                           0x0800046d   Thumb Code     4  rt_memclr.o(.text)
    __rt_memclr                              0x0800046d   Thumb Code     0  rt_memclr.o(.text)
    __aeabi_memclr4                          0x08000471   Thumb Code     0  rt_memclr.o(.text)
    __aeabi_memclr8                          0x08000471   Thumb Code     0  rt_memclr.o(.text)
    __rt_memclr_w                            0x08000471   Thumb Code     4  rt_memclr.o(.text)
    __aeabi_uidiv                            0x08000475   Thumb Code     0  aeabi_sdiv.o(.text)
    __aeabi_uidivmod                         0x08000475   Thumb Code    20  aeabi_sdiv.o(.text)
    __aeabi_idiv                             0x08000489   Thumb Code     0  aeabi_sdiv.o(.text)
    __aeabi_idivmod                          0x08000489   Thumb Code   326  aeabi_sdiv.o(.text)
    __use_two_region_memory                  0x080005cf   Thumb Code     2  heapauxi.o(.text)
    __rt_heap_escrow$2region                 0x080005d1   Thumb Code     2  heapauxi.o(.text)
    __rt_heap_expand$2region                 0x080005d3   Thumb Code     2  heapauxi.o(.text)
    __aeabi_d2f                              0x080005d5   Thumb Code     0  d2f.o(.text)
    _d2f                                     0x080005d5   Thumb Code   120  d2f.o(.text)
    __aeabi_dadd                             0x08000949   Thumb Code     0  daddsub.o(.text)
    _dadd                                    0x08000949   Thumb Code    26  daddsub.o(.text)
    __aeabi_dsub                             0x08000963   Thumb Code     0  daddsub.o(.text)
    _dsub                                    0x08000963   Thumb Code    22  daddsub.o(.text)
    __aeabi_drsub                            0x08000979   Thumb Code     0  daddsub.o(.text)
    _drsb                                    0x08000979   Thumb Code    28  daddsub.o(.text)
    __aeabi_ddiv                             0x080009a9   Thumb Code     0  ddiv.o(.text)
    _ddiv                                    0x080009a9   Thumb Code  1072  ddiv.o(.text)
    _drdiv                                   0x08000dd9   Thumb Code    20  ddiv.o(.text)
    __aeabi_d2iz                             0x08000df1   Thumb Code     0  dfixi.o(.text)
    _dfix                                    0x08000df1   Thumb Code    98  dfixi.o(.text)
    __aeabi_d2uiz                            0x08000e5d   Thumb Code     0  dfixui.o(.text)
    _dfixu                                   0x08000e5d   Thumb Code    68  dfixui.o(.text)
    __aeabi_i2d_normalise                    0x08000ea5   Thumb Code    66  dflti.o(.text)
    __aeabi_i2d                              0x08000ee7   Thumb Code    16  dflti.o(.text)
    _dflt                                    0x08000ee7   Thumb Code     0  dflti.o(.text)
    __aeabi_ui2d                             0x08000ef7   Thumb Code     6  dflti.o(.text)
    _dfltu                                   0x08000ef7   Thumb Code     0  dflti.o(.text)
    __aeabi_dmul                             0x08000efd   Thumb Code     0  dmul.o(.text)
    _dmul                                    0x08000efd   Thumb Code   558  dmul.o(.text)
    __aeabi_f2d                              0x08001145   Thumb Code     0  f2d.o(.text)
    _f2d                                     0x08001145   Thumb Code    80  f2d.o(.text)
    __read_errno                             0x08001199   Thumb Code    10  _rserrno.o(.text)
    __set_errno                              0x080011a3   Thumb Code    12  _rserrno.o(.text)
    _printf_int_common                       0x080011af   Thumb Code   176  _printf_intcommon.o(.text)
    _printf_char_common                      0x0800126b   Thumb Code    32  _printf_char_common.o(.text)
    _sputc                                   0x08001291   Thumb Code    10  _sputc.o(.text)
    __strtod_int                             0x080012d9   Thumb Code    94  strtod.o(.text)
    __rt_udiv10                              0x08001349   Thumb Code    40  rtudiv10.o(.text)
    __fpl_dcmp_InfNaN                        0x08001371   Thumb Code   140  dcmpin.o(.text)
    __ARM_scalbn                             0x08001401   Thumb Code    84  dscalbn.o(.text)
    __aeabi_errno_addr                       0x08001461   Thumb Code     8  rt_errno_addr_intlibspace.o(.text)
    __errno$intlibspace                      0x08001461   Thumb Code     0  rt_errno_addr_intlibspace.o(.text)
    __rt_errno_addr$intlibspace              0x08001461   Thumb Code     0  rt_errno_addr_intlibspace.o(.text)
    isspace                                  0x08001469   Thumb Code    18  isspace.o(.text)
    _sgetc                                   0x0800147b   Thumb Code    32  _sgetc.o(.text)
    _sbackspace                              0x0800149b   Thumb Code    36  _sgetc.o(.text)
    __fpl_cmpreturn                          0x080014bf   Thumb Code    46  cmpret.o(.text)
    __fpl_dcheck_NaN2                        0x080014ed   Thumb Code    14  dnan2.o(.text)
    _dsqrt                                   0x08001501   Thumb Code   248  dsqrt.o(.text)
    __user_libspace                          0x08001601   Thumb Code     8  libspace.o(.text)
    __user_perproc_libspace                  0x08001601   Thumb Code     0  libspace.o(.text)
    __user_perthread_libspace                0x08001601   Thumb Code     0  libspace.o(.text)
    __user_setup_stackheap                   0x08001609   Thumb Code    62  sys_stackheap_outer.o(.text)
    __rt_ctype_table                         0x08001649   Thumb Code    16  rt_ctype_table.o(.text)
    _scanf_really_real                       0x080018b3   Thumb Code   710  scanf_fp.o(.text)
    exit                                     0x08001b79   Thumb Code    16  exit.o(.text)
    strcmp                                   0x08001b89   Thumb Code   132  strcmp.o(.text)
    __fpl_return_NaN                         0x08001c11   Thumb Code    94  retnan.o(.text)
    __rt_locale                              0x08001c71   Thumb Code     8  rt_locale_intlibspace.o(.text)
    _btod_etento                             0x08001c79   Thumb Code   210  bigflt0.o(.text)
    _btod_d2e                                0x08001d51   Thumb Code    64  btod.o(.text)
    _btod_emul                               0x08002185   Thumb Code    28  btod.o(.text)
    _btod_emuld                              0x080021a1   Thumb Code   144  btod.o(.text)
    _btod_ediv                               0x08002231   Thumb Code    26  btod.o(.text)
    _btod_edivd                              0x0800224b   Thumb Code   124  btod.o(.text)
    _sys_exit                                0x080022d1   Thumb Code     8  sys_exit.o(.text)
    _scanf_really_hex_real                   0x080022dd   Thumb Code   806  scanf_hexfp.o(.text)
    _scanf_really_infnan                     0x08002611   Thumb Code   300  scanf_infnan.o(.text)
    __I$use$semihosting                      0x0800274d   Thumb Code     0  use_no_semi.o(.text)
    __use_no_semihosting_swi                 0x0800274d   Thumb Code     2  use_no_semi.o(.text)
    __aeabi_llsl                             0x0800274f   Thumb Code    32  llshl.o(.text)
    __semihosting_library_function           0x0800274f   Thumb Code     0  indicate_semi.o(.text)
    _ll_shift_l                              0x0800274f   Thumb Code     0  llshl.o(.text)
    _chval                                   0x0800276f   Thumb Code    30  _chval.o(.text)
    AD9833_SPI_Write                         0x0800278d   Thumb Code   100  ad9833.o(i.AD9833_SPI_Write)
    AD9833_SendByte                          0x080027f5   Thumb Code    74  ad9833.o(i.AD9833_SendByte)
    AD9833_SetFrequency                      0x08002845   Thumb Code    56  ad9833.o(i.AD9833_SetFrequency)
    AD9833_SetFrequencyQuick                 0x08002881   Thumb Code    32  ad9833.o(i.AD9833_SetFrequencyQuick)
    AD9833_SetRegisterValue                  0x080028a5   Thumb Code    28  ad9833.o(i.AD9833_SetRegisterValue)
    AD9833_Setup                             0x080028c5   Thumb Code    12  ad9833.o(i.AD9833_Setup)
    AMJ_Con                                  0x080028d1   Thumb Code   484  mc.o(i.AMJ_Con)
    AMT_Con                                  0x08002ac9   Thumb Code  1034  mc.o(i.AMT_Con)
    CH4230_IIC_SendByte                      0x08002ed3   Thumb Code    74  ch4230.o(i.CH4230_IIC_SendByte)
    CH4230_IIC_Start                         0x08002f1d   Thumb Code    46  ch4230.o(i.CH4230_IIC_Start)
    CH4230_IIC_Stop                          0x08002f4b   Thumb Code    52  ch4230.o(i.CH4230_IIC_Stop)
    CH4230_Init                              0x08002f81   Thumb Code    62  ch4230.o(i.CH4230_Init)
    CH4230_NACK                              0x08002fc5   Thumb Code    46  ch4230.o(i.CH4230_NACK)
    CH4230_Write                             0x08002ff3   Thumb Code    36  ch4230.o(i.CH4230_Write)
    CH4230_WriteAll                          0x08003019   Thumb Code    40  ch4230.o(i.CH4230_WriteAll)
    CH4230_WritePin                          0x08003045   Thumb Code    66  ch4230.o(i.CH4230_WritePin)
    CH423_Init                               0x0800308d   Thumb Code    28  ch423.o(i.CH423_Init)
    CH423_Write                              0x080030b1   Thumb Code    52  ch423.o(i.CH423_Write)
    CH423_WriteAll                           0x080030e9   Thumb Code    40  ch423.o(i.CH423_WriteAll)
    CH423_WriteOC                            0x08003115   Thumb Code    28  ch423.o(i.CH423_WriteOC)
    CH423_WritePin                           0x08003135   Thumb Code    66  ch423.o(i.CH423_WritePin)
    DAC8830_Init                             0x0800317d   Thumb Code    94  dac8830.o(i.DAC8830_Init)
    DAC8830_Write16Byte                      0x080031e5   Thumb Code   100  dac8830.o(i.DAC8830_Write16Byte)
    DAC8830_WriteDate                        0x0800324d   Thumb Code    30  dac8830.o(i.DAC8830_WriteDate)
    DDS_Con                                  0x08003279   Thumb Code   430  mc.o(i.DDS_Con)
    Delay                                    0x08003445   Thumb Code    16  adf4002.o(i.Delay)
    Delay_Init                               0x08003455   Thumb Code    16  delay.o(i.Delay_Init)
    Delay_ms                                 0x08003469   Thumb Code    14  delay.o(i.Delay_ms)
    Delay_ticks                              0x08003479   Thumb Code    48  delay.o(i.Delay_ticks)
    Delay_us                                 0x080034ad   Thumb Code    44  delay.o(i.Delay_us)
    Error_Handler                            0x080034e1   Thumb Code     4  main.o(i.Error_Handler)
    FMJ_Con                                  0x080034e5   Thumb Code   362  mc.o(i.FMJ_Con)
    FMT_Con                                  0x08003665   Thumb Code   898  mc.o(i.FMT_Con)
    HAL_DMA_Abort                            0x080039fd   Thumb Code    64  stm32f0xx_hal_dma.o(i.HAL_DMA_Abort)
    HAL_DMA_Abort_IT                         0x08003a3d   Thumb Code    72  stm32f0xx_hal_dma.o(i.HAL_DMA_Abort_IT)
    HAL_Delay                                0x08003a85   Thumb Code    32  stm32f0xx_hal.o(i.HAL_Delay)
    HAL_GPIO_Init                            0x08003aa9   Thumb Code   396  stm32f0xx_hal_gpio.o(i.HAL_GPIO_Init)
    HAL_GPIO_ReadPin                         0x08003c4d   Thumb Code    10  stm32f0xx_hal_gpio.o(i.HAL_GPIO_ReadPin)
    HAL_GPIO_WritePin                        0x08003c57   Thumb Code    12  stm32f0xx_hal_gpio.o(i.HAL_GPIO_WritePin)
    HAL_GetTick                              0x08003c65   Thumb Code     6  stm32f0xx_hal.o(i.HAL_GetTick)
    HAL_IncTick                              0x08003c71   Thumb Code    12  stm32f0xx_hal.o(i.HAL_IncTick)
    HAL_Init                                 0x08003c81   Thumb Code    26  stm32f0xx_hal.o(i.HAL_Init)
    HAL_InitTick                             0x08003ca1   Thumb Code    58  stm32f0xx_hal.o(i.HAL_InitTick)
    HAL_MspInit                              0x08003ce5   Thumb Code    34  stm32f0xx_hal_msp.o(i.HAL_MspInit)
    HAL_NVIC_EnableIRQ                       0x08003d0d   Thumb Code    18  stm32f0xx_hal_cortex.o(i.HAL_NVIC_EnableIRQ)
    HAL_NVIC_SetPriority                     0x08003d25   Thumb Code     8  stm32f0xx_hal_cortex.o(i.HAL_NVIC_SetPriority)
    HAL_RCCEx_PeriphCLKConfig                0x08003d2d   Thumb Code   218  stm32f0xx_hal_rcc_ex.o(i.HAL_RCCEx_PeriphCLKConfig)
    HAL_RCC_ClockConfig                      0x08003e15   Thumb Code   242  stm32f0xx_hal_rcc.o(i.HAL_RCC_ClockConfig)
    HAL_RCC_GetPCLK1Freq                     0x08003f1d   Thumb Code    20  stm32f0xx_hal_rcc.o(i.HAL_RCC_GetPCLK1Freq)
    HAL_RCC_GetSysClockFreq                  0x08003f3d   Thumb Code    84  stm32f0xx_hal_rcc.o(i.HAL_RCC_GetSysClockFreq)
    HAL_RCC_OscConfig                        0x08003fbd   Thumb Code   890  stm32f0xx_hal_rcc.o(i.HAL_RCC_OscConfig)
    HAL_SYSTICK_CLKSourceConfig              0x08004345   Thumb Code    20  stm32f0xx_hal_cortex.o(i.HAL_SYSTICK_CLKSourceConfig)
    HAL_SYSTICK_Config                       0x0800435d   Thumb Code    38  stm32f0xx_hal_cortex.o(i.HAL_SYSTICK_Config)
    HAL_TIMEx_BreakCallback                  0x0800438d   Thumb Code     2  stm32f0xx_hal_tim_ex.o(i.HAL_TIMEx_BreakCallback)
    HAL_TIMEx_CommutCallback                 0x0800438f   Thumb Code     2  stm32f0xx_hal_tim_ex.o(i.HAL_TIMEx_CommutCallback)
    HAL_TIMEx_MasterConfigSynchronization    0x08004391   Thumb Code    78  stm32f0xx_hal_tim_ex.o(i.HAL_TIMEx_MasterConfigSynchronization)
    HAL_TIM_Base_Init                        0x080043ed   Thumb Code    72  stm32f0xx_hal_tim.o(i.HAL_TIM_Base_Init)
    HAL_TIM_Base_MspInit                     0x08004435   Thumb Code    44  tim.o(i.HAL_TIM_Base_MspInit)
    HAL_TIM_ConfigClockSource                0x08004469   Thumb Code   220  stm32f0xx_hal_tim.o(i.HAL_TIM_ConfigClockSource)
    HAL_TIM_IC_CaptureCallback               0x08004545   Thumb Code     2  stm32f0xx_hal_tim.o(i.HAL_TIM_IC_CaptureCallback)
    HAL_TIM_IRQHandler                       0x08004547   Thumb Code   354  stm32f0xx_hal_tim.o(i.HAL_TIM_IRQHandler)
    HAL_TIM_OC_DelayElapsedCallback          0x080046a9   Thumb Code     2  stm32f0xx_hal_tim.o(i.HAL_TIM_OC_DelayElapsedCallback)
    HAL_TIM_PWM_PulseFinishedCallback        0x080046ab   Thumb Code     2  stm32f0xx_hal_tim.o(i.HAL_TIM_PWM_PulseFinishedCallback)
    HAL_TIM_PeriodElapsedCallback            0x080046ad   Thumb Code     2  stm32f0xx_hal_tim.o(i.HAL_TIM_PeriodElapsedCallback)
    HAL_TIM_TriggerCallback                  0x080046af   Thumb Code     2  stm32f0xx_hal_tim.o(i.HAL_TIM_TriggerCallback)
    HAL_UARTEx_RxEventCallback               0x080046b1   Thumb Code     2  stm32f0xx_hal_uart.o(i.HAL_UARTEx_RxEventCallback)
    HAL_UART_ErrorCallback                   0x080046b3   Thumb Code     2  stm32f0xx_hal_uart.o(i.HAL_UART_ErrorCallback)
    HAL_UART_GetState                        0x080046b5   Thumb Code    10  stm32f0xx_hal_uart.o(i.HAL_UART_GetState)
    HAL_UART_IRQHandler                      0x080046c1   Thumb Code   640  stm32f0xx_hal_uart.o(i.HAL_UART_IRQHandler)
    HAL_UART_Init                            0x0800494d   Thumb Code   106  stm32f0xx_hal_uart.o(i.HAL_UART_Init)
    HAL_UART_MspInit                         0x080049b9   Thumb Code   166  usart.o(i.HAL_UART_MspInit)
    HAL_UART_Receive_IT                      0x08004a6d   Thumb Code   100  stm32f0xx_hal_uart.o(i.HAL_UART_Receive_IT)
    HAL_UART_RxCpltCallback                  0x08004ad1   Thumb Code   112  usart.o(i.HAL_UART_RxCpltCallback)
    HAL_UART_Transmit                        0x08004b61   Thumb Code   210  stm32f0xx_hal_uart.o(i.HAL_UART_Transmit)
    HAL_UART_TxCpltCallback                  0x08004c33   Thumb Code     2  stm32f0xx_hal_uart.o(i.HAL_UART_TxCpltCallback)
    HardFault_Handler                        0x08004c35   Thumb Code     2  stm32f0xx_it.o(i.HardFault_Handler)
    MX_GPIO_Init                             0x08004c39   Thumb Code   160  gpio.o(i.MX_GPIO_Init)
    MX_TIM3_Init                             0x08004ce1   Thumb Code    96  tim.o(i.MX_TIM3_Init)
    MX_USART1_UART_Init                      0x08004d4d   Thumb Code    58  usart.o(i.MX_USART1_UART_Init)
    MX_USART2_UART_Init                      0x08004d95   Thumb Code    58  usart.o(i.MX_USART2_UART_Init)
    NMI_Handler                              0x08004ddd   Thumb Code     2  stm32f0xx_it.o(i.NMI_Handler)
    OSC_Con                                  0x08004de1   Thumb Code   390  mc.o(i.OSC_Con)
    PLL_Con                                  0x08004f7d   Thumb Code   818  mc.o(i.PLL_Con)
    POW_AMP_Con                              0x08005339   Thumb Code   194  mc.o(i.POW_AMP_Con)
    PendSV_Handler                           0x08005411   Thumb Code     2  stm32f0xx_it.o(i.PendSV_Handler)
    RDivideTest                              0x08005415   Thumb Code    48  adf4002.o(i.RDivideTest)
    SCL_OUT                                  0x08005449   Thumb Code    32  ch4230.o(i.SCL_OUT)
    SDA_OUT                                  0x08005469   Thumb Code    32  ch4230.o(i.SDA_OUT)
    SVC_Handler                              0x08005489   Thumb Code     2  stm32f0xx_it.o(i.SVC_Handler)
    SendDataPll                              0x0800548d   Thumb Code   126  adf4002.o(i.SendDataPll)
    SoftI2C_Init                             0x08005511   Thumb Code   238  softi2c.o(i.SoftI2C_Init)
    SoftI2C_SendACK                          0x08005619   Thumb Code    72  softi2c.o(i.SoftI2C_SendACK)
    SoftI2C_SendByte                         0x08005661   Thumb Code    80  softi2c.o(i.SoftI2C_SendByte)
    SoftI2C_SetPort                          0x080056b1   Thumb Code    24  softi2c.o(i.SoftI2C_SetPort)
    SoftI2C_Start                            0x080056c9   Thumb Code    52  softi2c.o(i.SoftI2C_Start)
    SoftI2C_Stop                             0x080056fd   Thumb Code    54  softi2c.o(i.SoftI2C_Stop)
    SysTick_Handler                          0x08005733   Thumb Code     8  stm32f0xx_it.o(i.SysTick_Handler)
    SystemClock_Config                       0x0800573b   Thumb Code   112  main.o(i.SystemClock_Config)
    SystemInit                               0x080057ab   Thumb Code     2  system_stm32f0xx.o(i.SystemInit)
    TIM3_IRQHandler                          0x080057ad   Thumb Code    10  stm32f0xx_it.o(i.TIM3_IRQHandler)
    TIM_Base_SetConfig                       0x080057bd   Thumb Code   112  stm32f0xx_hal_tim.o(i.TIM_Base_SetConfig)
    TIM_ETR_SetConfig                        0x08005845   Thumb Code    22  stm32f0xx_hal_tim.o(i.TIM_ETR_SetConfig)
    UART_AdvFeatureConfig                    0x080058b3   Thumb Code   202  stm32f0xx_hal_uart.o(i.UART_AdvFeatureConfig)
    UART_CheckIdleState                      0x0800597d   Thumb Code    94  stm32f0xx_hal_uart.o(i.UART_CheckIdleState)
    UART_SetConfig                           0x08005ba5   Thumb Code   282  stm32f0xx_hal_uart.o(i.UART_SetConfig)
    UART_Start_Receive_IT                    0x08005cd9   Thumb Code   142  stm32f0xx_hal_uart.o(i.UART_Start_Receive_IT)
    UART_WaitOnFlagUntilTimeout              0x08005d75   Thumb Code   212  stm32f0xx_hal_uart.o(i.UART_WaitOnFlagUntilTimeout)
    USART1_IRQHandler                        0x08005e49   Thumb Code    34  stm32f0xx_it.o(i.USART1_IRQHandler)
    USART2_IRQHandler                        0x08005e75   Thumb Code    34  stm32f0xx_it.o(i.USART2_IRQHandler)
    __ARM_common_ll_muluu                    0x08005ea1   Thumb Code    48  stm32f0xx_hal_rcc.o(i.__ARM_common_ll_muluu)
    __ARM_common_switch8                     0x08005ed1   Thumb Code    26  main.o(i.__ARM_common_switch8)
    __ARM_fpclassify                         0x08005eed   Thumb Code    40  fpclassify.o(i.__ARM_fpclassify)
    __kernel_poly                            0x08005f5d   Thumb Code   172  poly.o(i.__kernel_poly)
    __mathlib_dbl_divzero                    0x08006009   Thumb Code    16  dunder.o(i.__mathlib_dbl_divzero)
    __mathlib_dbl_infnan2                    0x0800601d   Thumb Code     8  dunder.o(i.__mathlib_dbl_infnan2)
    __mathlib_dbl_invalid                    0x08006025   Thumb Code    16  dunder.o(i.__mathlib_dbl_invalid)
    __mathlib_dbl_overflow                   0x08006035   Thumb Code    16  dunder.o(i.__mathlib_dbl_overflow)
    __mathlib_dbl_underflow                  0x08006049   Thumb Code    14  dunder.o(i.__mathlib_dbl_underflow)
    __mathlib_narrow                         0x0800605d   Thumb Code    16  narrow.o(i.__mathlib_narrow)
    __mathlib_tofloat                        0x0800606d   Thumb Code   190  narrow.o(i.__mathlib_tofloat)
    __support_ldexp                          0x08006135   Thumb Code    20  ldexp.o(i.__support_ldexp)
    _is_digit                                0x08006149   Thumb Code    14  __printf_wp.o(i._is_digit)
    ad9833_init                              0x08006159   Thumb Code   102  ad9833.o(i.ad9833_init)
    adf4002_Init                             0x080061c9   Thumb Code   104  adf4002.o(i.adf4002_Init)
    atof                                     0x0800623d   Thumb Code    42  atof.o(i.atof)
    delay_s_us                               0x08006267   Thumb Code    14  dac8830.o(i.delay_s_us)
    delay_us                                 0x08006275   Thumb Code    24  ch4230.o(i.delay_us)
    frexp                                    0x0800628d   Thumb Code    72  frexp.o(i.frexp)
    ldexp                                    0x080062e5   Thumb Code   112  ldexp.o(i.ldexp)
    lv10_7M                                  0x08006355   Thumb Code   274  mc.o(i.lv10_7M)
    main                                     0x0800647d   Thumb Code   386  main.o(i.main)
    pow                                      0x08006629   Thumb Code  2548  pow.o(i.pow)
    sqrt                                     0x08007025   Thumb Code    66  sqrt.o(i.sqrt)
    tun_amp_Con                              0x0800706d   Thumb Code   376  mc.o(i.tun_amp_Con)
    uspp                                     0x080071f9   Thumb Code    42  main.o(i.uspp)
    yk_Con                                   0x08007231   Thumb Code   342  mc.o(i.yk_Con)
    _get_lc_numeric                          0x080073a1   Thumb Code    44  lc_numeric_c.o(locale$$code)
    _get_lc_ctype                            0x080073cd   Thumb Code    44  lc_ctype_c.o(locale$$code)
    __aeabi_cdcmpeq                          0x080073f9   Thumb Code     0  deqf.o(x$fpl$deqf)
    _dcmpeq                                  0x080073f9   Thumb Code    94  deqf.o(x$fpl$deqf)
    __aeabi_cdrcmple                         0x0800745d   Thumb Code     0  drlef.o(x$fpl$drleqf)
    _drcmple                                 0x0800745d   Thumb Code   100  drlef.o(x$fpl$drleqf)
    __aeabi_fmul                             0x080074c5   Thumb Code     0  fmul.o(x$fpl$fmul)
    _fmul                                    0x080074c5   Thumb Code   172  fmul.o(x$fpl$fmul)
    _scanf_real                              0x08007575   Thumb Code    16  scanf1.o(x$fpl$scanf1)
    _scanf_hex_real                          0x08007585   Thumb Code    16  scanf2.o(x$fpl$scanf2)
    _scanf_infnan                            0x08007595   Thumb Code    16  scanf2.o(x$fpl$scanf2)
    AHBPrescTable                            0x080075a4   Data          16  system_stm32f0xx.o(.constdata)
    __I$use$fp                               0x080075a4   Number         0  usenofp.o(x$fpl$usenofp)
    APBPrescTable                            0x080075b4   Data           8  system_stm32f0xx.o(.constdata)
    __mathlib_zero                           0x080076d0   Data           8  qnan.o(.constdata)
    Region$$Table$$Base                      0x0800776c   Number         0  anon$$obj.o(Region$$Table)
    Region$$Table$$Limit                     0x0800778c   Number         0  anon$$obj.o(Region$$Table)
    __aeabi_HUGE_VAL                         0x0800778c   Data           0  fpconst.o(c$$dinf)
    __aeabi_HUGE_VALL                        0x0800778c   Data           0  fpconst.o(c$$dinf)
    __aeabi_INFINITY                         0x0800778c   Data           0  fpconst.o(c$$dinf)
    __dInf                                   0x0800778c   Data           0  fpconst.o(c$$dinf)
    __huge_val                               0x0800778c   Data           0  fpconst.o(c$$dinf)
    __dbl_max                                0x08007794   Data           0  fpconst.o(c$$dmax)
    __ctype                                  0x080077c5   Data           0  lc_ctype_c.o(locale$$data)
    aRxBuffer                                0x20000000   Data           1  usart.o(.data)
    aRxBuffer2                               0x20000001   Data           1  usart.o(.data)
    USART_RX_STA                             0x20000002   Data           2  stm32f0xx_it.o(.data)
    USART_RX_STA2                            0x20000004   Data           2  stm32f0xx_it.o(.data)
    uwTickFreq                               0x20000008   Data           1  stm32f0xx_hal.o(.data)
    uwTickPrio                               0x2000000c   Data           4  stm32f0xx_hal.o(.data)
    uwTick                                   0x20000010   Data           4  stm32f0xx_hal.o(.data)
    SystemCoreClock                          0x20000014   Data           4  system_stm32f0xx.o(.data)
    RealFreDat                               0x20000018   Data           8  ad9833.o(.data)
    Reg0x02                                  0x20000020   Data           4  adf4002.o(.data)
    Reg0x03                                  0x20000024   Data           4  adf4002.o(.data)
    Reg0x02_LEDON                            0x20000028   Data           4  adf4002.o(.data)
    Reg0x02_LEDOFF                           0x2000002c   Data           4  adf4002.o(.data)
    CH423_config                             0x20000030   Data           1  ch423.o(.data)
    CH423_portState                          0x20000031   Data           3  ch423.o(.data)
    CH4230_config                            0x20000036   Data           1  ch4230.o(.data)
    CH4230_portState                         0x20000037   Data           3  ch4230.o(.data)
    breakup                                  0x20000040   Data           4  mc.o(.data)
    flag                                     0x20000044   Data           4  mc.o(.data)
    flagP                                    0x20000048   Data           4  mc.o(.data)
    len0                                     0x2000004c   Data           4  mc.o(.data)
    dds1                                     0x20000050   Data           4  mc.o(.data)
    flag12                                   0x20000054   Data           4  mc.o(.data)
    fact                                     0x20000058   Data           4  mc.o(.data)
    i                                        0x2000005c   Data           4  mc.o(.data)
    j                                        0x20000060   Data           4  mc.o(.data)
    pll0                                     0x20000064   Data           4  mc.o(.data)
    ddsp                                     0x20000068   Data           8  mc.o(.data)
    pll                                      0x20000070   Data           8  mc.o(.data)
    yakong                                   0x20000078   Data           8  mc.o(.data)
    htim3                                    0x20000080   Data          72  tim.o(.bss)
    huart1                                   0x200000c8   Data         132  usart.o(.bss)
    huart2                                   0x2000014c   Data         132  usart.o(.bss)
    USART_RX_BUF                             0x200001d0   Data         200  stm32f0xx_it.o(.bss)
    USART_RX_BUF2                            0x20000298   Data         200  stm32f0xx_it.o(.bss)
    CH423_port                               0x20000360   Data          20  ch423.o(.bss)
    cun                                      0x20000374   Data         200  mc.o(.bss)
    pllo                                     0x2000043c   Data         200  mc.o(.bss)
    __libspace_start                         0x20000504   Data          96  libspace.o(.bss)
    __temporary_stack_top$libspace           0x20000564   Data           0  libspace.o(.bss)



==============================================================================

Memory Map of the image

  Image Entry point : 0x080000b5

  Load Region LR_IROM1 (Base: 0x08000000, Size: 0x00007948, Max: 0x00010000, ABSOLUTE)

    Execution Region ER_IROM1 (Exec base: 0x08000000, Load base: 0x08000000, Size: 0x000078c8, Max: 0x00010000, ABSOLUTE)

    Exec Addr    Load Addr    Size         Type   Attr      Idx    E Section Name        Object

    0x08000000   0x08000000   0x000000b4   Data   RO            3    RESET               startup_stm32f030x8.o
    0x080000b4   0x080000b4   0x00000008   Code   RO         4012  * !!!main             c_p.l(__main.o)
    0x080000bc   0x080000bc   0x0000003c   Code   RO         4362    !!!scatter          c_p.l(__scatter.o)
    0x080000f8   0x080000f8   0x0000001a   Code   RO         4364    !!handler_copy      c_p.l(__scatter_copy.o)
    0x08000112   0x08000112   0x00000002   PAD
    0x08000114   0x08000114   0x0000001c   Code   RO         4366    !!handler_zi        c_p.l(__scatter_zi.o)
    0x08000130   0x08000130   0x00000002   Code   RO         4001    .ARM.Collect$$_printf_percent$$00000000  c_p.l(_printf_percent.o)
    0x08000132   0x08000132   0x0000000a   Code   RO         4000    .ARM.Collect$$_printf_percent$$00000009  c_p.l(_printf_d.o)
    0x0800013c   0x0800013c   0x00000004   Code   RO         4074    .ARM.Collect$$_printf_percent$$00000017  c_p.l(_printf_percent_end.o)
    0x08000140   0x08000140   0x00000002   Code   RO         4173    .ARM.Collect$$libinit$$00000000  c_p.l(libinit.o)
    0x08000142   0x08000142   0x00000000   Code   RO         4175    .ARM.Collect$$libinit$$00000002  c_p.l(libinit2.o)
    0x08000142   0x08000142   0x00000000   Code   RO         4177    .ARM.Collect$$libinit$$00000004  c_p.l(libinit2.o)
    0x08000142   0x08000142   0x00000000   Code   RO         4180    .ARM.Collect$$libinit$$0000000A  c_p.l(libinit2.o)
    0x08000142   0x08000142   0x00000000   Code   RO         4182    .ARM.Collect$$libinit$$0000000C  c_p.l(libinit2.o)
    0x08000142   0x08000142   0x00000000   Code   RO         4184    .ARM.Collect$$libinit$$0000000E  c_p.l(libinit2.o)
    0x08000142   0x08000142   0x00000006   Code   RO         4185    .ARM.Collect$$libinit$$0000000F  c_p.l(libinit2.o)
    0x08000148   0x08000148   0x00000000   Code   RO         4187    .ARM.Collect$$libinit$$00000011  c_p.l(libinit2.o)
    0x08000148   0x08000148   0x0000000c   Code   RO         4188    .ARM.Collect$$libinit$$00000012  c_p.l(libinit2.o)
    0x08000154   0x08000154   0x00000000   Code   RO         4189    .ARM.Collect$$libinit$$00000013  c_p.l(libinit2.o)
    0x08000154   0x08000154   0x00000000   Code   RO         4191    .ARM.Collect$$libinit$$00000015  c_p.l(libinit2.o)
    0x08000154   0x08000154   0x0000000a   Code   RO         4192    .ARM.Collect$$libinit$$00000016  c_p.l(libinit2.o)
    0x0800015e   0x0800015e   0x00000000   Code   RO         4193    .ARM.Collect$$libinit$$00000017  c_p.l(libinit2.o)
    0x0800015e   0x0800015e   0x00000000   Code   RO         4195    .ARM.Collect$$libinit$$00000019  c_p.l(libinit2.o)
    0x0800015e   0x0800015e   0x00000000   Code   RO         4197    .ARM.Collect$$libinit$$0000001B  c_p.l(libinit2.o)
    0x0800015e   0x0800015e   0x00000000   Code   RO         4199    .ARM.Collect$$libinit$$0000001D  c_p.l(libinit2.o)
    0x0800015e   0x0800015e   0x00000000   Code   RO         4201    .ARM.Collect$$libinit$$0000001F  c_p.l(libinit2.o)
    0x0800015e   0x0800015e   0x00000000   Code   RO         4203    .ARM.Collect$$libinit$$00000021  c_p.l(libinit2.o)
    0x0800015e   0x0800015e   0x00000000   Code   RO         4205    .ARM.Collect$$libinit$$00000023  c_p.l(libinit2.o)
    0x0800015e   0x0800015e   0x00000000   Code   RO         4207    .ARM.Collect$$libinit$$00000025  c_p.l(libinit2.o)
    0x0800015e   0x0800015e   0x00000000   Code   RO         4211    .ARM.Collect$$libinit$$0000002C  c_p.l(libinit2.o)
    0x0800015e   0x0800015e   0x00000000   Code   RO         4213    .ARM.Collect$$libinit$$0000002E  c_p.l(libinit2.o)
    0x0800015e   0x0800015e   0x00000000   Code   RO         4215    .ARM.Collect$$libinit$$00000030  c_p.l(libinit2.o)
    0x0800015e   0x0800015e   0x00000000   Code   RO         4217    .ARM.Collect$$libinit$$00000032  c_p.l(libinit2.o)
    0x0800015e   0x0800015e   0x00000002   Code   RO         4218    .ARM.Collect$$libinit$$00000033  c_p.l(libinit2.o)
    0x08000160   0x08000160   0x00000002   Code   RO         4313    .ARM.Collect$$libshutdown$$00000000  c_p.l(libshutdown.o)
    0x08000162   0x08000162   0x00000000   Code   RO         4343    .ARM.Collect$$libshutdown$$00000002  c_p.l(libshutdown2.o)
    0x08000162   0x08000162   0x00000000   Code   RO         4345    .ARM.Collect$$libshutdown$$00000004  c_p.l(libshutdown2.o)
    0x08000162   0x08000162   0x00000000   Code   RO         4347    .ARM.Collect$$libshutdown$$00000006  c_p.l(libshutdown2.o)
    0x08000162   0x08000162   0x00000000   Code   RO         4350    .ARM.Collect$$libshutdown$$00000009  c_p.l(libshutdown2.o)
    0x08000162   0x08000162   0x00000000   Code   RO         4353    .ARM.Collect$$libshutdown$$0000000C  c_p.l(libshutdown2.o)
    0x08000162   0x08000162   0x00000000   Code   RO         4355    .ARM.Collect$$libshutdown$$0000000E  c_p.l(libshutdown2.o)
    0x08000162   0x08000162   0x00000000   Code   RO         4358    .ARM.Collect$$libshutdown$$00000011  c_p.l(libshutdown2.o)
    0x08000162   0x08000162   0x00000002   Code   RO         4359    .ARM.Collect$$libshutdown$$00000012  c_p.l(libshutdown2.o)
    0x08000164   0x08000164   0x00000000   Code   RO         4057    .ARM.Collect$$rtentry$$00000000  c_p.l(__rtentry.o)
    0x08000164   0x08000164   0x00000000   Code   RO         4112    .ARM.Collect$$rtentry$$00000002  c_p.l(__rtentry2.o)
    0x08000164   0x08000164   0x00000006   Code   RO         4124    .ARM.Collect$$rtentry$$00000004  c_p.l(__rtentry4.o)
    0x0800016a   0x0800016a   0x00000000   Code   RO         4114    .ARM.Collect$$rtentry$$00000009  c_p.l(__rtentry2.o)
    0x0800016a   0x0800016a   0x00000004   Code   RO         4115    .ARM.Collect$$rtentry$$0000000A  c_p.l(__rtentry2.o)
    0x0800016e   0x0800016e   0x00000000   Code   RO         4117    .ARM.Collect$$rtentry$$0000000C  c_p.l(__rtentry2.o)
    0x0800016e   0x0800016e   0x00000008   Code   RO         4118    .ARM.Collect$$rtentry$$0000000D  c_p.l(__rtentry2.o)
    0x08000176   0x08000176   0x00000002   Code   RO         4222    .ARM.Collect$$rtexit$$00000000  c_p.l(rtexit.o)
    0x08000178   0x08000178   0x00000000   Code   RO         4268    .ARM.Collect$$rtexit$$00000002  c_p.l(rtexit2.o)
    0x08000178   0x08000178   0x00000004   Code   RO         4269    .ARM.Collect$$rtexit$$00000003  c_p.l(rtexit2.o)
    0x0800017c   0x0800017c   0x00000006   Code   RO         4270    .ARM.Collect$$rtexit$$00000004  c_p.l(rtexit2.o)
    0x08000182   0x08000182   0x00000002   PAD
    0x08000184   0x08000184   0x00000038   Code   RO            4    .text               startup_stm32f030x8.o
    0x080001bc   0x080001bc   0x00000030   Code   RO         3966    .text               c_p.l(llmul.o)
    0x080001ec   0x080001ec   0x00000102   Code   RO         3970    .text               c_p.l(lludiv.o)
    0x080002ee   0x080002ee   0x00000002   PAD
    0x080002f0   0x080002f0   0x00000028   Code   RO         3974    .text               c_p.l(noretval__2sprintf.o)
    0x08000318   0x08000318   0x0000006c   Code   RO         3976    .text               c_p.l(__printf.o)
    0x08000384   0x08000384   0x0000006c   Code   RO         3978    .text               c_p.l(_printf_dec.o)
    0x080003f0   0x080003f0   0x00000044   Code   RO         4002    .text               c_p.l(strlen.o)
    0x08000434   0x08000434   0x00000040   Code   RO         4004    .text               c_p.l(rt_memclr.o)
    0x08000474   0x08000474   0x0000015a   Code   RO         4006    .text               c_p.l(aeabi_sdiv.o)
    0x080005ce   0x080005ce   0x00000006   Code   RO         4010    .text               c_p.l(heapauxi.o)
    0x080005d4   0x080005d4   0x0000007c   Code   RO         4014    .text               fz_ps.l(d2f.o)
    0x08000650   0x08000650   0x00000358   Code   RO         4016    .text               fz_ps.l(daddsub.o)
    0x080009a8   0x080009a8   0x00000448   Code   RO         4018    .text               fz_ps.l(ddiv.o)
    0x08000df0   0x08000df0   0x0000006c   Code   RO         4021    .text               fz_ps.l(dfixi.o)
    0x08000e5c   0x08000e5c   0x00000048   Code   RO         4025    .text               fz_ps.l(dfixui.o)
    0x08000ea4   0x08000ea4   0x00000058   Code   RO         4029    .text               fz_ps.l(dflti.o)
    0x08000efc   0x08000efc   0x00000248   Code   RO         4035    .text               fz_ps.l(dmul.o)
    0x08001144   0x08001144   0x00000054   Code   RO         4039    .text               fz_ps.l(f2d.o)
    0x08001198   0x08001198   0x00000016   Code   RO         4066    .text               c_p.l(_rserrno.o)
    0x080011ae   0x080011ae   0x000000b0   Code   RO         4068    .text               c_p.l(_printf_intcommon.o)
    0x0800125e   0x0800125e   0x00000002   PAD
    0x08001260   0x08001260   0x00000030   Code   RO         4070    .text               c_p.l(_printf_char_common.o)
    0x08001290   0x08001290   0x0000000a   Code   RO         4072    .text               c_p.l(_sputc.o)
    0x0800129a   0x0800129a   0x00000002   PAD
    0x0800129c   0x0800129c   0x000000ac   Code   RO         4075    .text               c_p.l(strtod.o)
    0x08001348   0x08001348   0x00000028   Code   RO         4077    .text               c_p.l(rtudiv10.o)
    0x08001370   0x08001370   0x00000090   Code   RO         4079    .text               fz_ps.l(dcmpin.o)
    0x08001400   0x08001400   0x00000060   Code   RO         4081    .text               fz_ps.l(dscalbn.o)
    0x08001460   0x08001460   0x00000008   Code   RO         4131    .text               c_p.l(rt_errno_addr_intlibspace.o)
    0x08001468   0x08001468   0x00000012   Code   RO         4133    .text               c_p.l(isspace.o)
    0x0800147a   0x0800147a   0x00000044   Code   RO         4137    .text               c_p.l(_sgetc.o)
    0x080014be   0x080014be   0x0000002e   Code   RO         4142    .text               fz_ps.l(cmpret.o)
    0x080014ec   0x080014ec   0x00000014   Code   RO         4144    .text               fz_ps.l(dnan2.o)
    0x08001500   0x08001500   0x00000100   Code   RO         4146    .text               fz_ps.l(dsqrt.o)
    0x08001600   0x08001600   0x00000008   Code   RO         4150    .text               c_p.l(libspace.o)
    0x08001608   0x08001608   0x0000003e   Code   RO         4153    .text               c_p.l(sys_stackheap_outer.o)
    0x08001646   0x08001646   0x00000002   PAD
    0x08001648   0x08001648   0x00000010   Code   RO         4156    .text               c_p.l(rt_ctype_table.o)
    0x08001658   0x08001658   0x00000520   Code   RO         4158    .text               c_p.l(scanf_fp.o)
    0x08001b78   0x08001b78   0x00000010   Code   RO         4160    .text               c_p.l(exit.o)
    0x08001b88   0x08001b88   0x00000088   Code   RO         4166    .text               c_p.l(strcmp.o)
    0x08001c10   0x08001c10   0x0000005e   Code   RO         4219    .text               fz_ps.l(retnan.o)
    0x08001c6e   0x08001c6e   0x00000002   PAD
    0x08001c70   0x08001c70   0x00000008   Code   RO         4229    .text               c_p.l(rt_locale_intlibspace.o)
    0x08001c78   0x08001c78   0x000000d8   Code   RO         4231    .text               c_p.l(bigflt0.o)
    0x08001d50   0x08001d50   0x00000580   Code   RO         4234    .text               c_p.l(btod.o)
    0x080022d0   0x080022d0   0x0000000c   Code   RO         4265    .text               c_p.l(sys_exit.o)
    0x080022dc   0x080022dc   0x00000334   Code   RO         4274    .text               c_p.l(scanf_hexfp.o)
    0x08002610   0x08002610   0x0000013c   Code   RO         4276    .text               c_p.l(scanf_infnan.o)
    0x0800274c   0x0800274c   0x00000002   Code   RO         4296    .text               c_p.l(use_no_semi.o)
    0x0800274e   0x0800274e   0x00000000   Code   RO         4298    .text               c_p.l(indicate_semi.o)
    0x0800274e   0x0800274e   0x00000020   Code   RO         4301    .text               c_p.l(llshl.o)
    0x0800276e   0x0800276e   0x0000001e   Code   RO         4303    .text               c_p.l(_chval.o)
    0x0800278c   0x0800278c   0x00000068   Code   RO         3215    i.AD9833_SPI_Write  ad9833.o
    0x080027f4   0x080027f4   0x00000050   Code   RO         3216    i.AD9833_SendByte   ad9833.o
    0x08002844   0x08002844   0x0000003c   Code   RO         3217    i.AD9833_SetFrequency  ad9833.o
    0x08002880   0x08002880   0x00000024   Code   RO         3218    i.AD9833_SetFrequencyQuick  ad9833.o
    0x080028a4   0x080028a4   0x00000020   Code   RO         3219    i.AD9833_SetRegisterValue  ad9833.o
    0x080028c4   0x080028c4   0x0000000c   Code   RO         3220    i.AD9833_Setup      ad9833.o
    0x080028d0   0x080028d0   0x000001f8   Code   RO         3836    i.AMJ_Con           mc.o
    0x08002ac8   0x08002ac8   0x0000040a   Code   RO         3837    i.AMT_Con           mc.o
    0x08002ed2   0x08002ed2   0x0000004a   Code   RO         3706    i.CH4230_IIC_SendByte  ch4230.o
    0x08002f1c   0x08002f1c   0x0000002e   Code   RO         3707    i.CH4230_IIC_Start  ch4230.o
    0x08002f4a   0x08002f4a   0x00000034   Code   RO         3708    i.CH4230_IIC_Stop   ch4230.o
    0x08002f7e   0x08002f7e   0x00000002   PAD
    0x08002f80   0x08002f80   0x00000044   Code   RO         3709    i.CH4230_Init       ch4230.o
    0x08002fc4   0x08002fc4   0x0000002e   Code   RO         3710    i.CH4230_NACK       ch4230.o
    0x08002ff2   0x08002ff2   0x00000024   Code   RO         3715    i.CH4230_Write      ch4230.o
    0x08003016   0x08003016   0x00000002   PAD
    0x08003018   0x08003018   0x0000002c   Code   RO         3716    i.CH4230_WriteAll   ch4230.o
    0x08003044   0x08003044   0x00000048   Code   RO         3718    i.CH4230_WritePin   ch4230.o
    0x0800308c   0x0800308c   0x00000024   Code   RO         3351    i.CH423_Init        ch423.o
    0x080030b0   0x080030b0   0x00000038   Code   RO         3355    i.CH423_Write       ch423.o
    0x080030e8   0x080030e8   0x0000002c   Code   RO         3356    i.CH423_WriteAll    ch423.o
    0x08003114   0x08003114   0x00000020   Code   RO         3357    i.CH423_WriteOC     ch423.o
    0x08003134   0x08003134   0x00000048   Code   RO         3358    i.CH423_WritePin    ch423.o
    0x0800317c   0x0800317c   0x00000068   Code   RO         3920    i.DAC8830_Init      dac8830.o
    0x080031e4   0x080031e4   0x00000068   Code   RO         3921    i.DAC8830_Write16Byte  dac8830.o
    0x0800324c   0x0800324c   0x0000002c   Code   RO         3923    i.DAC8830_WriteDate  dac8830.o
    0x08003278   0x08003278   0x000001cc   Code   RO         3838    i.DDS_Con           mc.o
    0x08003444   0x08003444   0x00000010   Code   RO         3291    i.Delay             adf4002.o
    0x08003454   0x08003454   0x00000014   Code   RO         3424    i.Delay_Init        delay.o
    0x08003468   0x08003468   0x0000000e   Code   RO         3425    i.Delay_ms          delay.o
    0x08003476   0x08003476   0x00000002   PAD
    0x08003478   0x08003478   0x00000034   Code   RO         3426    i.Delay_ticks       delay.o
    0x080034ac   0x080034ac   0x00000034   Code   RO         3427    i.Delay_us          delay.o
    0x080034e0   0x080034e0   0x00000004   Code   RO           12    i.Error_Handler     main.o
    0x080034e4   0x080034e4   0x00000180   Code   RO         3839    i.FMJ_Con           mc.o
    0x08003664   0x08003664   0x00000398   Code   RO         3840    i.FMT_Con           mc.o
    0x080039fc   0x080039fc   0x00000040   Code   RO         2222    i.HAL_DMA_Abort     stm32f0xx_hal_dma.o
    0x08003a3c   0x08003a3c   0x00000048   Code   RO         2223    i.HAL_DMA_Abort_IT  stm32f0xx_hal_dma.o
    0x08003a84   0x08003a84   0x00000024   Code   RO         1509    i.HAL_Delay         stm32f0xx_hal.o
    0x08003aa8   0x08003aa8   0x000001a4   Code   RO         2161    i.HAL_GPIO_Init     stm32f0xx_hal_gpio.o
    0x08003c4c   0x08003c4c   0x0000000a   Code   RO         2163    i.HAL_GPIO_ReadPin  stm32f0xx_hal_gpio.o
    0x08003c56   0x08003c56   0x0000000c   Code   RO         2165    i.HAL_GPIO_WritePin  stm32f0xx_hal_gpio.o
    0x08003c62   0x08003c62   0x00000002   PAD
    0x08003c64   0x08003c64   0x0000000c   Code   RO         1513    i.HAL_GetTick       stm32f0xx_hal.o
    0x08003c70   0x08003c70   0x00000010   Code   RO         1519    i.HAL_IncTick       stm32f0xx_hal.o
    0x08003c80   0x08003c80   0x00000020   Code   RO         1520    i.HAL_Init          stm32f0xx_hal.o
    0x08003ca0   0x08003ca0   0x00000044   Code   RO         1521    i.HAL_InitTick      stm32f0xx_hal.o
    0x08003ce4   0x08003ce4   0x00000028   Code   RO          393    i.HAL_MspInit       stm32f0xx_hal_msp.o
    0x08003d0c   0x08003d0c   0x00000018   Code   RO         2318    i.HAL_NVIC_EnableIRQ  stm32f0xx_hal_cortex.o
    0x08003d24   0x08003d24   0x00000008   Code   RO         2322    i.HAL_NVIC_SetPriority  stm32f0xx_hal_cortex.o
    0x08003d2c   0x08003d2c   0x000000e8   Code   RO         1474    i.HAL_RCCEx_PeriphCLKConfig  stm32f0xx_hal_rcc_ex.o
    0x08003e14   0x08003e14   0x00000108   Code   RO         1379    i.HAL_RCC_ClockConfig  stm32f0xx_hal_rcc.o
    0x08003f1c   0x08003f1c   0x00000020   Code   RO         1386    i.HAL_RCC_GetPCLK1Freq  stm32f0xx_hal_rcc.o
    0x08003f3c   0x08003f3c   0x00000080   Code   RO         1387    i.HAL_RCC_GetSysClockFreq  stm32f0xx_hal_rcc.o
    0x08003fbc   0x08003fbc   0x00000388   Code   RO         1390    i.HAL_RCC_OscConfig  stm32f0xx_hal_rcc.o
    0x08004344   0x08004344   0x00000018   Code   RO         2324    i.HAL_SYSTICK_CLKSourceConfig  stm32f0xx_hal_cortex.o
    0x0800435c   0x0800435c   0x00000030   Code   RO         2326    i.HAL_SYSTICK_Config  stm32f0xx_hal_cortex.o
    0x0800438c   0x0800438c   0x00000002   Code   RO         1115    i.HAL_TIMEx_BreakCallback  stm32f0xx_hal_tim_ex.o
    0x0800438e   0x0800438e   0x00000002   Code   RO         1116    i.HAL_TIMEx_CommutCallback  stm32f0xx_hal_tim_ex.o
    0x08004390   0x08004390   0x0000005c   Code   RO         1134    i.HAL_TIMEx_MasterConfigSynchronization  stm32f0xx_hal_tim_ex.o
    0x080043ec   0x080043ec   0x00000048   Code   RO          415    i.HAL_TIM_Base_Init  stm32f0xx_hal_tim.o
    0x08004434   0x08004434   0x00000034   Code   RO          225    i.HAL_TIM_Base_MspInit  tim.o
    0x08004468   0x08004468   0x000000dc   Code   RO          424    i.HAL_TIM_ConfigClockSource  stm32f0xx_hal_tim.o
    0x08004544   0x08004544   0x00000002   Code   RO          449    i.HAL_TIM_IC_CaptureCallback  stm32f0xx_hal_tim.o
    0x08004546   0x08004546   0x00000162   Code   RO          463    i.HAL_TIM_IRQHandler  stm32f0xx_hal_tim.o
    0x080046a8   0x080046a8   0x00000002   Code   RO          466    i.HAL_TIM_OC_DelayElapsedCallback  stm32f0xx_hal_tim.o
    0x080046aa   0x080046aa   0x00000002   Code   RO          493    i.HAL_TIM_PWM_PulseFinishedCallback  stm32f0xx_hal_tim.o
    0x080046ac   0x080046ac   0x00000002   Code   RO          501    i.HAL_TIM_PeriodElapsedCallback  stm32f0xx_hal_tim.o
    0x080046ae   0x080046ae   0x00000002   Code   RO          506    i.HAL_TIM_TriggerCallback  stm32f0xx_hal_tim.o
    0x080046b0   0x080046b0   0x00000002   Code   RO         2765    i.HAL_UARTEx_RxEventCallback  stm32f0xx_hal_uart.o
    0x080046b2   0x080046b2   0x00000002   Code   RO         2781    i.HAL_UART_ErrorCallback  stm32f0xx_hal_uart.o
    0x080046b4   0x080046b4   0x0000000a   Code   RO         2783    i.HAL_UART_GetState  stm32f0xx_hal_uart.o
    0x080046be   0x080046be   0x00000002   PAD
    0x080046c0   0x080046c0   0x0000028c   Code   RO         2784    i.HAL_UART_IRQHandler  stm32f0xx_hal_uart.o
    0x0800494c   0x0800494c   0x0000006a   Code   RO         2785    i.HAL_UART_Init     stm32f0xx_hal_uart.o
    0x080049b6   0x080049b6   0x00000002   PAD
    0x080049b8   0x080049b8   0x000000b4   Code   RO          263    i.HAL_UART_MspInit  usart.o
    0x08004a6c   0x08004a6c   0x00000064   Code   RO         2790    i.HAL_UART_Receive_IT  stm32f0xx_hal_uart.o
    0x08004ad0   0x08004ad0   0x00000090   Code   RO          264    i.HAL_UART_RxCpltCallback  usart.o
    0x08004b60   0x08004b60   0x000000d2   Code   RO         2794    i.HAL_UART_Transmit  stm32f0xx_hal_uart.o
    0x08004c32   0x08004c32   0x00000002   Code   RO         2797    i.HAL_UART_TxCpltCallback  stm32f0xx_hal_uart.o
    0x08004c34   0x08004c34   0x00000002   Code   RO          317    i.HardFault_Handler  stm32f0xx_it.o
    0x08004c36   0x08004c36   0x00000002   PAD
    0x08004c38   0x08004c38   0x000000a8   Code   RO          204    i.MX_GPIO_Init      gpio.o
    0x08004ce0   0x08004ce0   0x0000006c   Code   RO          226    i.MX_TIM3_Init      tim.o
    0x08004d4c   0x08004d4c   0x00000048   Code   RO          265    i.MX_USART1_UART_Init  usart.o
    0x08004d94   0x08004d94   0x00000048   Code   RO          266    i.MX_USART2_UART_Init  usart.o
    0x08004ddc   0x08004ddc   0x00000002   Code   RO          318    i.NMI_Handler       stm32f0xx_it.o
    0x08004dde   0x08004dde   0x00000002   PAD
    0x08004de0   0x08004de0   0x0000019c   Code   RO         3841    i.OSC_Con           mc.o
    0x08004f7c   0x08004f7c   0x000003bc   Code   RO         3842    i.PLL_Con           mc.o
    0x08005338   0x08005338   0x000000d8   Code   RO         3843    i.POW_AMP_Con       mc.o
    0x08005410   0x08005410   0x00000002   Code   RO          319    i.PendSV_Handler    stm32f0xx_it.o
    0x08005412   0x08005412   0x00000002   PAD
    0x08005414   0x08005414   0x00000034   Code   RO         3293    i.RDivideTest       adf4002.o
    0x08005448   0x08005448   0x00000020   Code   RO         3720    i.SCL_OUT           ch4230.o
    0x08005468   0x08005468   0x00000020   Code   RO         3722    i.SDA_OUT           ch4230.o
    0x08005488   0x08005488   0x00000002   Code   RO          320    i.SVC_Handler       stm32f0xx_it.o
    0x0800548a   0x0800548a   0x00000002   PAD
    0x0800548c   0x0800548c   0x00000084   Code   RO         3294    i.SendDataPll       adf4002.o
    0x08005510   0x08005510   0x00000108   Code   RO         3511    i.SoftI2C_Init      softi2c.o
    0x08005618   0x08005618   0x00000048   Code   RO         3517    i.SoftI2C_SendACK   softi2c.o
    0x08005660   0x08005660   0x00000050   Code   RO         3519    i.SoftI2C_SendByte  softi2c.o
    0x080056b0   0x080056b0   0x00000018   Code   RO         3521    i.SoftI2C_SetPort   softi2c.o
    0x080056c8   0x080056c8   0x00000034   Code   RO         3522    i.SoftI2C_Start     softi2c.o
    0x080056fc   0x080056fc   0x00000036   Code   RO         3523    i.SoftI2C_Stop      softi2c.o
    0x08005732   0x08005732   0x00000008   Code   RO          321    i.SysTick_Handler   stm32f0xx_it.o
    0x0800573a   0x0800573a   0x00000070   Code   RO           13    i.SystemClock_Config  main.o
    0x080057aa   0x080057aa   0x00000002   Code   RO         3182    i.SystemInit        system_stm32f0xx.o
    0x080057ac   0x080057ac   0x00000010   Code   RO          322    i.TIM3_IRQHandler   stm32f0xx_it.o
    0x080057bc   0x080057bc   0x00000088   Code   RO          508    i.TIM_Base_SetConfig  stm32f0xx_hal_tim.o
    0x08005844   0x08005844   0x00000016   Code   RO          519    i.TIM_ETR_SetConfig  stm32f0xx_hal_tim.o
    0x0800585a   0x0800585a   0x00000010   Code   RO          520    i.TIM_ITRx_SetConfig  stm32f0xx_hal_tim.o
    0x0800586a   0x0800586a   0x00000022   Code   RO          526    i.TIM_TI1_ConfigInputStage  stm32f0xx_hal_tim.o
    0x0800588c   0x0800588c   0x00000026   Code   RO          528    i.TIM_TI2_ConfigInputStage  stm32f0xx_hal_tim.o
    0x080058b2   0x080058b2   0x000000ca   Code   RO         2799    i.UART_AdvFeatureConfig  stm32f0xx_hal_uart.o
    0x0800597c   0x0800597c   0x00000064   Code   RO         2800    i.UART_CheckIdleState  stm32f0xx_hal_uart.o
    0x080059e0   0x080059e0   0x00000014   Code   RO         2801    i.UART_DMAAbortOnError  stm32f0xx_hal_uart.o
    0x080059f4   0x080059f4   0x0000005e   Code   RO         2811    i.UART_EndRxTransfer  stm32f0xx_hal_uart.o
    0x08005a52   0x08005a52   0x000000a8   Code   RO         2813    i.UART_RxISR_16BIT  stm32f0xx_hal_uart.o
    0x08005afa   0x08005afa   0x000000a8   Code   RO         2814    i.UART_RxISR_8BIT   stm32f0xx_hal_uart.o
    0x08005ba2   0x08005ba2   0x00000002   PAD
    0x08005ba4   0x08005ba4   0x00000134   Code   RO         2815    i.UART_SetConfig    stm32f0xx_hal_uart.o
    0x08005cd8   0x08005cd8   0x0000009c   Code   RO         2817    i.UART_Start_Receive_IT  stm32f0xx_hal_uart.o
    0x08005d74   0x08005d74   0x000000d4   Code   RO         2820    i.UART_WaitOnFlagUntilTimeout  stm32f0xx_hal_uart.o
    0x08005e48   0x08005e48   0x0000002c   Code   RO          323    i.USART1_IRQHandler  stm32f0xx_it.o
    0x08005e74   0x08005e74   0x0000002c   Code   RO          324    i.USART2_IRQHandler  stm32f0xx_it.o
    0x08005ea0   0x08005ea0   0x00000030   Code   RO         1464    i.__ARM_common_ll_muluu  stm32f0xx_hal_rcc.o
    0x08005ed0   0x08005ed0   0x0000001a   Code   RO           44    i.__ARM_common_switch8  main.o
    0x08005eea   0x08005eea   0x00000002   PAD
    0x08005eec   0x08005eec   0x0000002c   Code   RO         4098    i.__ARM_fpclassify  m_ps.l(fpclassify.o)
    0x08005f18   0x08005f18   0x00000044   Code   RO         2328    i.__NVIC_SetPriority  stm32f0xx_hal_cortex.o
    0x08005f5c   0x08005f5c   0x000000ac   Code   RO         4100    i.__kernel_poly     m_ps.l(poly.o)
    0x08006008   0x08006008   0x00000014   Code   RO         4084    i.__mathlib_dbl_divzero  m_ps.l(dunder.o)
    0x0800601c   0x0800601c   0x00000008   Code   RO         4086    i.__mathlib_dbl_infnan2  m_ps.l(dunder.o)
    0x08006024   0x08006024   0x00000010   Code   RO         4087    i.__mathlib_dbl_invalid  m_ps.l(dunder.o)
    0x08006034   0x08006034   0x00000014   Code   RO         4088    i.__mathlib_dbl_overflow  m_ps.l(dunder.o)
    0x08006048   0x08006048   0x00000014   Code   RO         4090    i.__mathlib_dbl_underflow  m_ps.l(dunder.o)
    0x0800605c   0x0800605c   0x00000010   Code   RO         4259    i.__mathlib_narrow  m_ps.l(narrow.o)
    0x0800606c   0x0800606c   0x000000c8   Code   RO         4260    i.__mathlib_tofloat  m_ps.l(narrow.o)
    0x08006134   0x08006134   0x00000014   Code   RO         4315    i.__support_ldexp   m_ps.l(ldexp.o)
    0x08006148   0x08006148   0x0000000e   Code   RO         3990    i._is_digit         c_p.l(__printf_wp.o)
    0x08006156   0x08006156   0x00000002   PAD
    0x08006158   0x08006158   0x00000070   Code   RO         3222    i.ad9833_init       ad9833.o
    0x080061c8   0x080061c8   0x00000074   Code   RO         3296    i.adf4002_Init      adf4002.o
    0x0800623c   0x0800623c   0x0000002a   Code   RO         4044    i.atof              m_ps.l(atof.o)
    0x08006266   0x08006266   0x0000000e   Code   RO         3924    i.delay_s_us        dac8830.o
    0x08006274   0x08006274   0x00000018   Code   RO         3723    i.delay_us          ch4230.o
    0x0800628c   0x0800628c   0x00000058   Code   RO         4289    i.frexp             m_ps.l(frexp.o)
    0x080062e4   0x080062e4   0x00000070   Code   RO         4316    i.ldexp             m_ps.l(ldexp.o)
    0x08006354   0x08006354   0x00000128   Code   RO         3844    i.lv10_7M           mc.o
    0x0800647c   0x0800647c   0x000001ac   Code   RO           14    i.main              main.o
    0x08006628   0x08006628   0x000009fc   Code   RO         4048    i.pow               m_ps.l(pow.o)
    0x08007024   0x08007024   0x00000048   Code   RO         4104    i.sqrt              m_ps.l(sqrt.o)
    0x0800706c   0x0800706c   0x0000018c   Code   RO         3845    i.tun_amp_Con       mc.o
    0x080071f8   0x080071f8   0x00000038   Code   RO           15    i.uspp              main.o
    0x08007230   0x08007230   0x00000170   Code   RO         3846    i.yk_Con            mc.o
    0x080073a0   0x080073a0   0x0000002c   Code   RO         4140    locale$$code        c_p.l(lc_numeric_c.o)
    0x080073cc   0x080073cc   0x0000002c   Code   RO         4237    locale$$code        c_p.l(lc_ctype_c.o)
    0x080073f8   0x080073f8   0x00000064   Code   RO         4286    x$fpl$deqf          fz_ps.l(deqf.o)
    0x0800745c   0x0800745c   0x00000068   Code   RO         4037    x$fpl$drleqf        fz_ps.l(drlef.o)
    0x080074c4   0x080074c4   0x000000b0   Code   RO         4041    x$fpl$fmul          fz_ps.l(fmul.o)
    0x08007574   0x08007574   0x00000010   Code   RO         4148    x$fpl$scanf1        fz_ps.l(scanf1.o)
    0x08007584   0x08007584   0x00000020   Code   RO         4253    x$fpl$scanf2        fz_ps.l(scanf2.o)
    0x080075a4   0x080075a4   0x00000000   Code   RO         4083    x$fpl$usenofp       fz_ps.l(usenofp.o)
    0x080075a4   0x080075a4   0x00000010   Data   RO         3183    .constdata          system_stm32f0xx.o
    0x080075b4   0x080075b4   0x00000008   Data   RO         3184    .constdata          system_stm32f0xx.o
    0x080075bc   0x080075bc   0x00000005   Data   RO         3225    .constdata          ad9833.o
    0x080075c1   0x080075c1   0x00000080   Data   RO         4019    .constdata          fz_ps.l(ddiv.o)
    0x08007641   0x08007641   0x00000007   PAD
    0x08007648   0x08007648   0x00000088   Data   RO         4049    .constdata          m_ps.l(pow.o)
    0x080076d0   0x080076d0   0x00000008   Data   RO         4102    .constdata          m_ps.l(qnan.o)
    0x080076d8   0x080076d8   0x00000094   Data   RO         4232    .constdata          c_p.l(bigflt0.o)
    0x0800776c   0x0800776c   0x00000020   Data   RO         4360    Region$$Table       anon$$obj.o
    0x0800778c   0x0800778c   0x00000008   Data   RO         4245    c$$dinf             fz_ps.l(fpconst.o)
    0x08007794   0x08007794   0x00000008   Data   RO         4248    c$$dmax             fz_ps.l(fpconst.o)
    0x0800779c   0x0800779c   0x0000001c   Data   RO         4139    locale$$data        c_p.l(lc_numeric_c.o)
    0x080077b8   0x080077b8   0x00000110   Data   RO         4236    locale$$data        c_p.l(lc_ctype_c.o)


    Execution Region RW_IRAM1 (Exec base: 0x20000000, Load base: 0x080078c8, Size: 0x00000b68, Max: 0x00002000, ABSOLUTE)

    Exec Addr    Load Addr    Size         Type   Attr      Idx    E Section Name        Object

    0x20000000   0x080078c8   0x00000002   Data   RW          268    .data               usart.o
    0x20000002   0x080078ca   0x00000002   Data   RW          327    .data               stm32f0xx_it.o
    0x20000004   0x080078cc   0x00000002   Data   RW          328    .data               stm32f0xx_it.o
    0x20000006   0x080078ce   0x00000002   PAD
    0x20000008   0x080078d0   0x0000000c   Data   RW         1527    .data               stm32f0xx_hal.o
    0x20000014   0x080078dc   0x00000004   Data   RW         3185    .data               system_stm32f0xx.o
    0x20000018   0x080078e0   0x00000008   Data   RW         3226    .data               ad9833.o
    0x20000020   0x080078e8   0x00000010   Data   RW         3298    .data               adf4002.o
    0x20000030   0x080078f8   0x00000004   Data   RW         3361    .data               ch423.o
    0x20000034   0x080078fc   0x00000002   Data   RW         3428    .data               delay.o
    0x20000036   0x080078fe   0x00000004   Data   RW         3724    .data               ch4230.o
    0x2000003a   0x08007902   0x00000006   PAD
    0x20000040   0x08007908   0x00000040   Data   RW         3848    .data               mc.o
    0x20000080        -       0x00000048   Zero   RW          227    .bss                tim.o
    0x200000c8        -       0x00000108   Zero   RW          267    .bss                usart.o
    0x200001d0        -       0x000000c8   Zero   RW          325    .bss                stm32f0xx_it.o
    0x20000298        -       0x000000c8   Zero   RW          326    .bss                stm32f0xx_it.o
    0x20000360        -       0x00000014   Zero   RW         3360    .bss                ch423.o
    0x20000374        -       0x00000190   Zero   RW         3847    .bss                mc.o
    0x20000504        -       0x00000060   Zero   RW         4151    .bss                c_p.l(libspace.o)
    0x20000564   0x08007948   0x00000004   PAD
    0x20000568        -       0x00000200   Zero   RW            2    HEAP                startup_stm32f030x8.o
    0x20000768        -       0x00000400   Zero   RW            1    STACK               startup_stm32f030x8.o


==============================================================================

Image component sizes


      Code (inc. data)   RO Data    RW Data    ZI Data      Debug   Object Name

       436         32          5          8          0       4693   ad9833.o
       316         22          0         16          0       2923   adf4002.o
       240         26          0          4         20       3183   ch423.o
       526         16          0          4          0       6287   ch4230.o
       266         28          0          0          0       2358   dac8830.o
       138         16          0          2          0       2309   delay.o
       168          8          0          0          0        875   gpio.o
       626         84          0          0          0     275767   main.o
      5946        374          0         64        400       9054   mc.o
       546         26          0          0          0       4153   softi2c.o
        56         26        180          0       1536        612   startup_stm32f030x8.o
       164         30          0         12          0       7713   stm32f0xx_hal.o
       172         28          0          0          0      10759   stm32f0xx_hal_cortex.o
       136          0          0          0          0       1667   stm32f0xx_hal_dma.o
       442         24          0          0          0       2651   stm32f0xx_hal_gpio.o
        40          6          0          0          0        778   stm32f0xx_hal_msp.o
      1376         92          0          0          0       4521   stm32f0xx_hal_rcc.o
       232         14          0          0          0       1312   stm32f0xx_hal_rcc_ex.o
       902         24          0          0          0       8985   stm32f0xx_hal_tim.o
        96         14          0          0          0       2257   stm32f0xx_hal_tim_ex.o
      2512         58          0          0          0      20589   stm32f0xx_hal_uart.o
       120         26          0          4        400       4123   stm32f0xx_it.o
         2          0         24          4          0       1039   system_stm32f0xx.o
       160         20          0          0         72       1526   tim.o
       468         74          0          2        264       2918   usart.o

    ----------------------------------------------------------------------
     16110       1068        241        128       2692     383052   Object Totals
         0          0         32          0          0          0   (incl. Generated)
        24          0          0          8          0          0   (incl. Padding)

    ----------------------------------------------------------------------

      Code (inc. data)   RO Data    RW Data    ZI Data      Debug   Library Member Name

         8          0          0          0          0         68   __main.o
       108          0          0          0          0         76   __printf.o
        14          0          0          0          0         60   __printf_wp.o
         0          0          0          0          0          0   __rtentry.o
        12          0          0          0          0          0   __rtentry2.o
         6          0          0          0          0          0   __rtentry4.o
        60          8          0          0          0          0   __scatter.o
        26          0          0          0          0          0   __scatter_copy.o
        28          0          0          0          0          0   __scatter_zi.o
        30          0          0          0          0         60   _chval.o
        48          6          0          0          0         88   _printf_char_common.o
        10          0          0          0          0          0   _printf_d.o
       108         18          0          0          0         76   _printf_dec.o
       176          0          0          0          0         84   _printf_intcommon.o
         2          0          0          0          0          0   _printf_percent.o
         4          0          0          0          0          0   _printf_percent_end.o
        22          0          0          0          0         92   _rserrno.o
        68          0          0          0          0         76   _sgetc.o
        10          0          0          0          0         60   _sputc.o
       346          0          0          0          0         92   aeabi_sdiv.o
       216          6        148          0          0         80   bigflt0.o
      1408         30          0          0          0        260   btod.o
        16          0          0          0          0         68   exit.o
         6          0          0          0          0        136   heapauxi.o
         0          0          0          0          0          0   indicate_semi.o
        18          0          0          0          0         68   isspace.o
        44         10        272          0          0         76   lc_ctype_c.o
        44         10         28          0          0         76   lc_numeric_c.o
         2          0          0          0          0          0   libinit.o
        30          0          0          0          0          0   libinit2.o
         2          0          0          0          0          0   libshutdown.o
         2          0          0          0          0          0   libshutdown2.o
         8          4          0          0         96         68   libspace.o
        48          0          0          0          0         72   llmul.o
        32          0          0          0          0         68   llshl.o
       258          0          0          0          0         88   lludiv.o
        40          4          0          0          0         84   noretval__2sprintf.o
        16          4          0          0          0         76   rt_ctype_table.o
         8          4          0          0          0         68   rt_errno_addr_intlibspace.o
         8          4          0          0          0         68   rt_locale_intlibspace.o
        64          0          0          0          0        108   rt_memclr.o
         2          0          0          0          0          0   rtexit.o
        10          0          0          0          0          0   rtexit2.o
        40          0          0          0          0         60   rtudiv10.o
      1312         24          0          0          0        124   scanf_fp.o
       820         14          0          0          0         84   scanf_hexfp.o
       316         16          0          0          0         84   scanf_infnan.o
       136          4          0          0          0         72   strcmp.o
        68          6          0          0          0         72   strlen.o
       172         18          0          0          0        120   strtod.o
        12          4          0          0          0         60   sys_exit.o
        62          0          0          0          0         80   sys_stackheap_outer.o
         2          0          0          0          0         68   use_no_semi.o
        46          0          0          0          0         60   cmpret.o
       124          4          0          0          0         72   d2f.o
       856         20          0          0          0        208   daddsub.o
       144          4          0          0          0         76   dcmpin.o
      1096         26        128          0          0        112   ddiv.o
       100          4          0          0          0         92   deqf.o
       108         10          0          0          0         72   dfixi.o
        72          4          0          0          0         68   dfixui.o
        88          0          0          0          0         92   dflti.o
       584         26          0          0          0         84   dmul.o
        20          6          0          0          0         68   dnan2.o
       104          4          0          0          0        104   drlef.o
        96         12          0          0          0         72   dscalbn.o
       256          8          0          0          0         76   dsqrt.o
        84          4          0          0          0         60   f2d.o
       176          4          0          0          0         80   fmul.o
         0          0         16          0          0          0   fpconst.o
        94          0          0          0          0         68   retnan.o
        16          4          0          0          0         76   scanf1.o
        32          8          0          0          0        100   scanf2.o
         0          0          0          0          0          0   usenofp.o
        42          0          0          0          0         76   atof.o
        84         14          0          0          0        340   dunder.o
        44          4          0          0          0         60   fpclassify.o
        88         16          0          0          0         72   frexp.o
       132          0          0          0          0        140   ldexp.o
       216         10          0          0          0        144   narrow.o
       172          0          0          0          0         76   poly.o
      2556        196        136          0          0        240   pow.o
         0          0          8          0          0          0   qnan.o
        72          6          0          0          0         76   sqrt.o

    ----------------------------------------------------------------------
     13826        588        743          0        100       5984   Library Totals
        16          0          7          0          4          0   (incl. Padding)

    ----------------------------------------------------------------------

      Code (inc. data)   RO Data    RW Data    ZI Data      Debug   Library Name

      6308        194        448          0         96       3120   c_p.l
      4096        148        144          0          0       1640   fz_ps.l
      3406        246        144          0          0       1224   m_ps.l

    ----------------------------------------------------------------------
     13826        588        743          0        100       5984   Library Totals

    ----------------------------------------------------------------------

==============================================================================


      Code (inc. data)   RO Data    RW Data    ZI Data      Debug   

     29936       1656        984        128       2792     380540   Grand Totals
     29936       1656        984        128       2792     380540   ELF Image Totals
     29936       1656        984        128          0          0   ROM Totals

==============================================================================

    Total RO  Size (Code + RO Data)                30920 (  30.20kB)
    Total RW  Size (RW Data + ZI Data)              2920 (   2.85kB)
    Total ROM Size (Code + RO Data + RW Data)      31048 (  30.32kB)

==============================================================================

