<html>
<body>
<pre>
<h1>µVision Build Log</h1>
<h2>Tool Versions:</h2>
IDE-Version: ¦ÌVision V5.36.0.0
Copyright (C) 2021 ARM Ltd and ARM Germany GmbH. All rights reserved.
License Information: CYH Lenovo, HDU, LIC=2TTQ1-C0Y3G-QIX5M-XI0C9-LR27L-R2XC5
 
Tool Versions:
Toolchain:       MDK-ARM Professional  Version: 5.36.0.0
Toolchain Path:  D:\Keil_v5\ARM\ARMCC\Bin
C Compiler:      Armcc.exe V5.06 update 7 (build 960)
Assembler:       Armasm.exe V5.06 update 7 (build 960)
Linker/Locator:  ArmLink.exe V5.06 update 7 (build 960)
Library Manager: ArmAr.exe V5.06 update 7 (build 960)
Hex Converter:   FromElf.exe V5.06 update 7 (build 960)
CPU DLL:         SARMCM3.DLL V5.36.0.0
Dialog DLL:      DARMCM1.DLL V1.19.4.0
Target DLL:      STLink\ST-LINKIII-KEIL_SWO.dll V3.0.9.0
Dialog DLL:      TARMCM1.DLL V1.14.4.0
 
<h2>Project:</h2>
D:\Desktop\remotelabb\qyf23_5_8\MDK-ARM\qyf030.uvprojx
Project File Date:  05/08/2023

<h2>Output:</h2>
*** Using Compiler 'V5.06 update 7 (build 960)', folder: 'D:\Keil_v5\ARM\ARMCC\Bin'
Build target 'qyf030'
compiling mc.c...
..\model\DAC8830\dac8830.h(21): warning:  #1-D: last line of file ends without a newline
  #endif
..\model\MAIN\mc.h(137): warning:  #1-D: last line of file ends without a newline
  #endif
..\model\MAIN\mc.c(25): warning:  #188-D: enumerated type mixed with another type
  	U5_BUS_CON(1);
..\model\MAIN\mc.c(26): warning:  #188-D: enumerated type mixed with another type
  	D12_BUS_CON(1);
..\model\MAIN\mc.c(27): warning:  #188-D: enumerated type mixed with another type
  	U12_BUS_CON(1);
..\model\MAIN\mc.c(69): warning:  #188-D: enumerated type mixed with another type
  				U5_BUS_CON(0);
..\model\MAIN\mc.c(70): warning:  #188-D: enumerated type mixed with another type
  				D12_BUS_CON(0);
..\model\MAIN\mc.c(71): warning:  #188-D: enumerated type mixed with another type
  				U12_BUS_CON(0);
..\model\MAIN\mc.c(81): warning:  #188-D: enumerated type mixed with another type
  	U5_BUS_CON(1);
..\model\MAIN\mc.c(176): warning:  #188-D: enumerated type mixed with another type
  			U5_BUS_CON(0);
..\model\MAIN\mc.c(177): warning:  #188-D: enumerated type mixed with another type
  			D12_BUS_CON(0);
..\model\MAIN\mc.c(178): warning:  #188-D: enumerated type mixed with another type
  			U12_BUS_CON(0);
..\model\MAIN\mc.c(196): warning:  #188-D: enumerated type mixed with another type
  	U5_BUS_CON(1);
..\model\MAIN\mc.c(197): warning:  #188-D: enumerated type mixed with another type
  	D12_BUS_CON(1);
..\model\MAIN\mc.c(198): warning:  #188-D: enumerated type mixed with another type
  	U12_BUS_CON(1);
..\model\MAIN\mc.c(218): warning:  #188-D: enumerated type mixed with another type
  	HAL_GPIO_WritePin(GPIOA,GPIO_PIN_0|GPIO_PIN_1,1);
..\model\MAIN\mc.c(219): warning:  #188-D: enumerated type mixed with another type
  	HAL_GPIO_WritePin(GPIOA,GPIO_PIN_4,0);//IN
..\model\MAIN\mc.c(240): warning:  #188-D: enumerated type mixed with another type
  			U5_BUS_CON(0);
..\model\MAIN\mc.c(241): warning:  #188-D: enumerated type mixed with another type
  			D12_BUS_CON(0);
..\model\MAIN\mc.c(242): warning:  #188-D: enumerated type mixed with another type
  			U12_BUS_CON(0);
..\model\MAIN\mc.c(251): warning:  #188-D: enumerated type mixed with another type
  	U5_BUS_CON(1);
..\model\MAIN\mc.c(252): warning:  #188-D: enumerated type mixed with another type
  	D12_BUS_CON(1);
..\model\MAIN\mc.c(253): warning:  #188-D: enumerated type mixed with another type
  	U12_BUS_CON(1);
..\model\MAIN\mc.c(265): warning:  #188-D: enumerated type mixed with another type
  	HAL_GPIO_WritePin(GPIOA,PIN_B,0);
..\model\MAIN\mc.c(266): warning:  #188-D: enumerated type mixed with another type
  	HAL_GPIO_WritePin(GPIOA,PIN_A,1);
..\model\MAIN\mc.c(267): warning:  #188-D: enumerated type mixed with another type
  	HAL_GPIO_WritePin(GPIOA,PIN_C,0);//IN
..\model\MAIN\mc.c(291): warning:  #188-D: enumerated type mixed with another type
  			HAL_GPIO_WritePin(GPIOA,PIN_B,0);
..\model\MAIN\mc.c(292): warning:  #188-D: enumerated type mixed with another type
  			HAL_GPIO_WritePin(GPIOA,PIN_A,1);
..\model\MAIN\mc.c(293): warning:  #188-D: enumerated type mixed with another type
  			HAL_GPIO_WritePin(GPIOA,PIN_C,0);//IN
..\model\MAIN\mc.c(312): warning:  #188-D: enumerated type mixed with another type
  			HAL_GPIO_WritePin(GPIOA,PIN_B,0);
..\model\MAIN\mc.c(313): warning:  #188-D: enumerated type mixed with another type
  			HAL_GPIO_WritePin(GPIOA,PIN_A,1);
..\model\MAIN\mc.c(314): warning:  #188-D: enumerated type mixed with another type
  			HAL_GPIO_WritePin(GPIOA,PIN_C,0);//IN
..\model\MAIN\mc.c(349): warning:  #188-D: enumerated type mixed with another type
  					HAL_GPIO_WritePin(GPIOA,PIN_B,0);
..\model\MAIN\mc.c(350): warning:  #188-D: enumerated type mixed with another type
  					HAL_GPIO_WritePin(GPIOA,PIN_A,1);
..\model\MAIN\mc.c(351): warning:  #188-D: enumerated type mixed with another type
  					HAL_GPIO_WritePin(GPIOA,PIN_C,0);//IN
..\model\MAIN\mc.c(371): warning:  #188-D: enumerated type mixed with another type
  					HAL_GPIO_WritePin(GPIOA,PIN_B,1);
..\model\MAIN\mc.c(373): warning:  #188-D: enumerated type mixed with another type
  					HAL_GPIO_WritePin(GPIOA,PIN_A,0);
..\model\MAIN\mc.c(375): warning:  #188-D: enumerated type mixed with another type
  					HAL_GPIO_WritePin(GPIOA,PIN_C,0);//IN
..\model\MAIN\mc.c(400): warning:  #188-D: enumerated type mixed with another type
  					HAL_GPIO_WritePin(GPIOA,PIN_B,1);
..\model\MAIN\mc.c(402): warning:  #188-D: enumerated type mixed with another type
  					HAL_GPIO_WritePin(GPIOA,PIN_A,0);
..\model\MAIN\mc.c(404): warning:  #188-D: enumerated type mixed with another type
  					HAL_GPIO_WritePin(GPIOA,PIN_C,0);//IN
..\model\MAIN\mc.c(420): warning:  #188-D: enumerated type mixed with another type
  					HAL_GPIO_WritePin(GPIOA,PIN_B,0);
..\model\MAIN\mc.c(421): warning:  #188-D: enumerated type mixed with another type
  					HAL_GPIO_WritePin(GPIOA,PIN_A,1);
..\model\MAIN\mc.c(422): warning:  #188-D: enumerated type mixed with another type
  					HAL_GPIO_WritePin(GPIOA,PIN_C,0);//IN
..\model\MAIN\mc.c(443): warning:  #188-D: enumerated type mixed with another type
  			 	U5_BUS_CON(0);
..\model\MAIN\mc.c(444): warning:  #188-D: enumerated type mixed with another type
  				D12_BUS_CON(0);
..\model\MAIN\mc.c(445): warning:  #188-D: enumerated type mixed with another type
  				U12_BUS_CON(0);
..\model\MAIN\mc.c(457): warning:  #188-D: enumerated type mixed with another type
  			 	U5_BUS_CON(0);
..\model\MAIN\mc.c(458): warning:  #188-D: enumerated type mixed with another type
  				D12_BUS_CON(0);
..\model\MAIN\mc.c(459): warning:  #188-D: enumerated type mixed with another type
  				U12_BUS_CON(0);
..\model\MAIN\mc.c(471): warning:  #188-D: enumerated type mixed with another type
  	HAL_GPIO_WritePin(GPIOA,PIN_B,1);
..\model\MAIN\mc.c(472): warning:  #188-D: enumerated type mixed with another type
  	HAL_GPIO_WritePin(GPIOA,PIN_A,0);
..\model\MAIN\mc.c(473): warning:  #188-D: enumerated type mixed with another type
  	HAL_GPIO_WritePin(GPIOA,PIN_C,0);//IN
..\model\MAIN\mc.c(502): warning:  #188-D: enumerated type mixed with another type
  					HAL_GPIO_WritePin(GPIOA,PIN_B,0);
..\model\MAIN\mc.c(503): warning:  #188-D: enumerated type mixed with another type
  					HAL_GPIO_WritePin(GPIOA,PIN_A,1);
..\model\MAIN\mc.c(504): warning:  #188-D: enumerated type mixed with another type
  					HAL_GPIO_WritePin(GPIOA,PIN_C,0);//IN
..\model\MAIN\mc.c(515): warning:  #188-D: enumerated type mixed with another type
  					HAL_GPIO_WritePin(GPIOA,PIN_B,1);
..\model\MAIN\mc.c(516): warning:  #188-D: enumerated type mixed with another type
  					HAL_GPIO_WritePin(GPIOA,PIN_A,0);
..\model\MAIN\mc.c(517): warning:  #188-D: enumerated type mixed with another type
  					HAL_GPIO_WritePin(GPIOA,PIN_C,0);//IN				
..\model\MAIN\mc.c(543): warning:  #188-D: enumerated type mixed with another type
  					U5_BUS_CON(0);
..\model\MAIN\mc.c(544): warning:  #188-D: enumerated type mixed with another type
  					D12_BUS_CON(0);
..\model\MAIN\mc.c(545): warning:  #188-D: enumerated type mixed with another type
  					U12_BUS_CON(0);
..\model\MAIN\mc.c(552): warning:  #188-D: enumerated type mixed with another type
  	U5_BUS_CON(1);
..\model\MAIN\mc.c(553): warning:  #188-D: enumerated type mixed with another type
  	D12_BUS_CON(1);
..\model\MAIN\mc.c(554): warning:  #188-D: enumerated type mixed with another type
  	U12_BUS_CON(1);
..\model\MAIN\mc.c(560): warning:  #188-D: enumerated type mixed with another type
  	HAL_GPIO_WritePin(GPIOA,PIN_B,1);
..\model\MAIN\mc.c(561): warning:  #188-D: enumerated type mixed with another type
  	HAL_GPIO_WritePin(GPIOA,PIN_A,1);
..\model\MAIN\mc.c(562): warning:  #188-D: enumerated type mixed with another type
  	HAL_GPIO_WritePin(GPIOA,PIN_C,0);//IN
..\model\MAIN\mc.c(589): warning:  #188-D: enumerated type mixed with another type
  					HAL_GPIO_WritePin(GPIOA,PIN_B,1);
..\model\MAIN\mc.c(590): warning:  #188-D: enumerated type mixed with another type
  					HAL_GPIO_WritePin(GPIOA,PIN_A,1);
..\model\MAIN\mc.c(591): warning:  #188-D: enumerated type mixed with another type
  					HAL_GPIO_WritePin(GPIOA,PIN_C,0);//IN
..\model\MAIN\mc.c(609): warning:  #188-D: enumerated type mixed with another type
  					HAL_GPIO_WritePin(GPIOA,PIN_B,1);
..\model\MAIN\mc.c(610): warning:  #188-D: enumerated type mixed with another type
  					HAL_GPIO_WritePin(GPIOA,PIN_A,1);
..\model\MAIN\mc.c(611): warning:  #188-D: enumerated type mixed with another type
  					HAL_GPIO_WritePin(GPIOA,PIN_C,0);//IN		
..\model\MAIN\mc.c(626): warning:  #188-D: enumerated type mixed with another type
  						HAL_GPIO_WritePin(GPIOA,PIN_B,1);
..\model\MAIN\mc.c(627): warning:  #188-D: enumerated type mixed with another type
  						HAL_GPIO_WritePin(GPIOA,PIN_A,1);
..\model\MAIN\mc.c(628): warning:  #188-D: enumerated type mixed with another type
  						HAL_GPIO_WritePin(GPIOA,PIN_C,0);//IN
..\model\MAIN\mc.c(634): warning:  #188-D: enumerated type mixed with another type
  						HAL_GPIO_WritePin(GPIOA,PIN_B,0);
..\model\MAIN\mc.c(635): warning:  #188-D: enumerated type mixed with another type
  						HAL_GPIO_WritePin(GPIOA,PIN_A,0);
..\model\MAIN\mc.c(636): warning:  #188-D: enumerated type mixed with another type
  						HAL_GPIO_WritePin(GPIOA,PIN_C,1);//IN
..\model\MAIN\mc.c(650): warning:  #188-D: enumerated type mixed with another type
  						HAL_GPIO_WritePin(GPIOA,PIN_B,0);
..\model\MAIN\mc.c(651): warning:  #188-D: enumerated type mixed with another type
  						HAL_GPIO_WritePin(GPIOA,PIN_A,0);
..\model\MAIN\mc.c(652): warning:  #188-D: enumerated type mixed with another type
  						HAL_GPIO_WritePin(GPIOA,PIN_C,1);//IN
..\model\MAIN\mc.c(702): warning:  #188-D: enumerated type mixed with another type
  						HAL_GPIO_WritePin(GPIOA,PIN_B,1);
..\model\MAIN\mc.c(703): warning:  #188-D: enumerated type mixed with another type
  						HAL_GPIO_WritePin(GPIOA,PIN_A,1);
..\model\MAIN\mc.c(704): warning:  #188-D: enumerated type mixed with another type
  						HAL_GPIO_WritePin(GPIOA,PIN_C,0);//IN
..\model\MAIN\mc.c(714): warning:  #188-D: enumerated type mixed with another type
  				U5_BUS_CON(0);
..\model\MAIN\mc.c(715): warning:  #188-D: enumerated type mixed with another type
  				D12_BUS_CON(0);
..\model\MAIN\mc.c(716): warning:  #188-D: enumerated type mixed with another type
  				U12_BUS_CON(0);
..\model\MAIN\mc.c(728): warning:  #188-D: enumerated type mixed with another type
  			 	U5_BUS_CON(0);
..\model\MAIN\mc.c(729): warning:  #188-D: enumerated type mixed with another type
  				D12_BUS_CON(0);
..\model\MAIN\mc.c(730): warning:  #188-D: enumerated type mixed with another type
  				U12_BUS_CON(0);
..\model\MAIN\mc.c(737): warning:  #188-D: enumerated type mixed with another type
  	HAL_GPIO_WritePin(GPIOA,PIN_B,0);
..\model\MAIN\mc.c(738): warning:  #188-D: enumerated type mixed with another type
  	HAL_GPIO_WritePin(GPIOA,PIN_A,0);
..\model\MAIN\mc.c(739): warning:  #188-D: enumerated type mixed with another type
  	HAL_GPIO_WritePin(GPIOA,PIN_C,1);//IN
..\model\MAIN\mc.c(768): warning:  #188-D: enumerated type mixed with another type
  					HAL_GPIO_WritePin(GPIOA,PIN_B,1);
..\model\MAIN\mc.c(769): warning:  #188-D: enumerated type mixed with another type
  					HAL_GPIO_WritePin(GPIOA,PIN_A,1);
..\model\MAIN\mc.c(770): warning:  #188-D: enumerated type mixed with another type
  					HAL_GPIO_WritePin(GPIOA,PIN_C,0);//IN		
..\model\MAIN\mc.c(778): warning:  #188-D: enumerated type mixed with another type
  				HAL_GPIO_WritePin(GPIOA,PIN_B,0);
..\model\MAIN\mc.c(779): warning:  #188-D: enumerated type mixed with another type
  				HAL_GPIO_WritePin(GPIOA,PIN_A,0);
..\model\MAIN\mc.c(780): warning:  #188-D: enumerated type mixed with another type
  				HAL_GPIO_WritePin(GPIOA,PIN_C,1);//IN
..\model\MAIN\mc.c(795): warning:  #188-D: enumerated type mixed with another type
  				U5_BUS_CON(0);
..\model\MAIN\mc.c(796): warning:  #188-D: enumerated type mixed with another type
  				D12_BUS_CON(0);
..\model\MAIN\mc.c(797): warning:  #188-D: enumerated type mixed with another type
  				U12_BUS_CON(0);
..\model\MAIN\mc.c(807): warning:  #188-D: enumerated type mixed with another type
  		U5_BUS_CON(1);
..\model\MAIN\mc.c(808): warning:  #188-D: enumerated type mixed with another type
  		D12_BUS_CON(1);
..\model\MAIN\mc.c(809): warning:  #188-D: enumerated type mixed with another type
  		U12_BUS_CON(1);
..\model\MAIN\mc.c(813): warning:  #188-D: enumerated type mixed with another type
  	HAL_GPIO_WritePin(GPIOA,PIN_B,0);
..\model\MAIN\mc.c(814): warning:  #188-D: enumerated type mixed with another type
  	HAL_GPIO_WritePin(GPIOA,PIN_A,1);
..\model\MAIN\mc.c(815): warning:  #188-D: enumerated type mixed with another type
  	HAL_GPIO_WritePin(GPIOA,PIN_C,1);//IN
..\model\MAIN\mc.c(864): warning:  #188-D: enumerated type mixed with another type
  				U5_BUS_CON(0);
..\model\MAIN\mc.c(865): warning:  #188-D: enumerated type mixed with another type
  				D12_BUS_CON(0);
..\model\MAIN\mc.c(866): warning:  #188-D: enumerated type mixed with another type
  				U12_BUS_CON(0);
..\model\MAIN\mc.c(876): warning:  #188-D: enumerated type mixed with another type
  	U5_BUS_CON(1);
..\model\MAIN\mc.c(877): warning:  #188-D: enumerated type mixed with another type
  	D12_BUS_CON(1);
..\model\MAIN\mc.c(878): warning:  #188-D: enumerated type mixed with another type
  	U12_BUS_CON(1);
..\model\MAIN\mc.c(949): warning:  #188-D: enumerated type mixed with another type
  				U5_BUS_CON(0);
..\model\MAIN\mc.c(950): warning:  #188-D: enumerated type mixed with another type
  				D12_BUS_CON(0);
..\model\MAIN\mc.c(951): warning:  #188-D: enumerated type mixed with another type
  				U12_BUS_CON(0);
..\model\MAIN\mc.c(960): warning:  #188-D: enumerated type mixed with another type
  	U5_BUS_CON(1);
..\model\MAIN\mc.c(1010): warning:  #188-D: enumerated type mixed with another type
  				U5_BUS_CON(0);
..\model\MAIN\mc.c(1011): warning:  #188-D: enumerated type mixed with another type
  				D12_BUS_CON(0);
..\model\MAIN\mc.c(1012): warning:  #188-D: enumerated type mixed with another type
  				U12_BUS_CON(0);
..\model\MAIN\mc.c(1019): warning:  #188-D: enumerated type mixed with another type
  	U5_BUS_CON(1);
..\model\MAIN\mc.c(1020): warning:  #188-D: enumerated type mixed with another type
  	D12_BUS_CON(1);
..\model\MAIN\mc.c(1021): warning:  #188-D: enumerated type mixed with another type
  	U12_BUS_CON(1);
..\model\MAIN\mc.c(1028): warning:  #188-D: enumerated type mixed with another type
  	HAL_GPIO_WritePin(GPIOA,PIN_B,0);
..\model\MAIN\mc.c(1029): warning:  #188-D: enumerated type mixed with another type
  	HAL_GPIO_WritePin(GPIOA,PIN_A,0);
..\model\MAIN\mc.c(1030): warning:  #188-D: enumerated type mixed with another type
  	HAL_GPIO_WritePin(GPIOA,PIN_C,0);//IN
..\model\MAIN\mc.c(1062): warning:  #188-D: enumerated type mixed with another type
  				U5_BUS_CON(0);
..\model\MAIN\mc.c(1063): warning:  #188-D: enumerated type mixed with another type
  				D12_BUS_CON(0);
..\model\MAIN\mc.c(1064): warning:  #188-D: enumerated type mixed with another type
  				U12_BUS_CON(0);				
..\model\MAIN\mc.c: 132 warnings, 0 errors
linking...
Program Size: Code=30300 RO-data=980 RW-data=128 ZI-data=2792  
FromELF: creating hex file...
"qyf030\qyf030.axf" - 0 Error(s), 132 Warning(s).

<h2>Software Packages used:</h2>

Package Vendor: ARM
                http://www.keil.com/pack/ARM.CMSIS.5.9.0.pack
                ARM.CMSIS.5.9.0
                CMSIS (Common Microcontroller Software Interface Standard)
   * Component: CORE Version: 5.6.0

Package Vendor: Keil
                https://www.keil.com/pack/Keil.STM32F0xx_DFP.2.1.1.pack
                Keil.STM32F0xx_DFP.2.1.1
                STMicroelectronics STM32F0 Series Device Support, Drivers and Examples

<h2>Collection of Component include folders:</h2>
  .\RTE\_qyf030
  D:\Keil_Pack\ARM\CMSIS\5.9.0\CMSIS\Core\Include
  D:\Keil_Pack\Keil\STM32F0xx_DFP\2.1.1\Drivers\CMSIS\Device\ST\STM32F0xx\Include

<h2>Collection of Component Files used:</h2>

   * Component: ARM::CMSIS:CORE:5.6.0
      Include file:  CMSIS\Core\Include\tz_context.h
Build Time Elapsed:  00:00:01
</pre>
</body>
</html>
